Archive member included because of file (symbol)

c:/programdata/matlab/supportpackages/r2022b/aide/tools/arm-none-eabi-gcc/4.8.3-2014q1/bin/../lib/gcc/arm-none-eabi/4.8.3/../../../../arm-none-eabi/lib/armv6-m\libm.a(lib_a-s_ceil.o)
                              hardwareModel_Balance_1.o (ceil)
c:/programdata/matlab/supportpackages/r2022b/aide/tools/arm-none-eabi-gcc/4.8.3-2014q1/bin/../lib/gcc/arm-none-eabi/4.8.3/../../../../arm-none-eabi/lib/armv6-m\libm.a(lib_a-s_floor.o)
                              hardwareModel_Balance_1.o (floor)
c:/programdata/matlab/supportpackages/r2022b/aide/tools/arm-none-eabi-gcc/4.8.3-2014q1/bin/../lib/gcc/arm-none-eabi/4.8.3/../../../../arm-none-eabi/lib/armv6-m\libm.a(lib_a-w_fmod.o)
                              hardwareModel_Balance_1.o (fmod)
c:/programdata/matlab/supportpackages/r2022b/aide/tools/arm-none-eabi-gcc/4.8.3-2014q1/bin/../lib/gcc/arm-none-eabi/4.8.3/../../../../arm-none-eabi/lib/armv6-m\libm.a(lib_a-e_fmod.o)
                              c:/programdata/matlab/supportpackages/r2022b/aide/tools/arm-none-eabi-gcc/4.8.3-2014q1/bin/../lib/gcc/arm-none-eabi/4.8.3/../../../../arm-none-eabi/lib/armv6-m\libm.a(lib_a-w_fmod.o) (__ieee754_fmod)
c:/programdata/matlab/supportpackages/r2022b/aide/tools/arm-none-eabi-gcc/4.8.3-2014q1/bin/../lib/gcc/arm-none-eabi/4.8.3/../../../../arm-none-eabi/lib/armv6-m\libm.a(lib_a-s_fpclassify.o)
                              c:/programdata/matlab/supportpackages/r2022b/aide/tools/arm-none-eabi-gcc/4.8.3-2014q1/bin/../lib/gcc/arm-none-eabi/4.8.3/../../../../arm-none-eabi/lib/armv6-m\libm.a(lib_a-w_fmod.o) (__fpclassifyd)
c:/programdata/matlab/supportpackages/r2022b/aide/tools/arm-none-eabi-gcc/4.8.3-2014q1/bin/../lib/gcc/arm-none-eabi/4.8.3/../../../../arm-none-eabi/lib/armv6-m\libm.a(lib_a-s_lib_ver.o)
                              c:/programdata/matlab/supportpackages/r2022b/aide/tools/arm-none-eabi-gcc/4.8.3-2014q1/bin/../lib/gcc/arm-none-eabi/4.8.3/../../../../arm-none-eabi/lib/armv6-m\libm.a(lib_a-w_fmod.o) (__fdlib_version)
c:/programdata/matlab/supportpackages/r2022b/aide/tools/arm-none-eabi-gcc/4.8.3-2014q1/bin/../lib/gcc/arm-none-eabi/4.8.3/../../../../arm-none-eabi/lib/armv6-m\libm.a(lib_a-s_matherr.o)
                              c:/programdata/matlab/supportpackages/r2022b/aide/tools/arm-none-eabi-gcc/4.8.3-2014q1/bin/../lib/gcc/arm-none-eabi/4.8.3/../../../../arm-none-eabi/lib/armv6-m\libm.a(lib_a-w_fmod.o) (matherr)
C:/Users/ROHITM~1/DOCUME~1/MATLAB/R2022b/ARDUIN~1/ARDUIN~2/FASTER~1\libcomm.a(Wire.o)
                              MW_arduinoI2C.o (TwoWire::begin())
C:/Users/ROHITM~1/DOCUME~1/MATLAB/R2022b/ARDUIN~1/ARDUIN~2/FASTER~1\libcomm.a(variant.o)
                              io_wrappers.o (Serial1)
C:/Users/ROHITM~1/DOCUME~1/MATLAB/R2022b/ARDUIN~1/ARDUIN~2/FASTER~1\libcore.a(cortex_handlers.o)
                              (Reset_Handler)
C:/Users/ROHITM~1/DOCUME~1/MATLAB/R2022b/ARDUIN~1/ARDUIN~2/FASTER~1\libcore.a(hooks.o)
                              C:/Users/ROHITM~1/DOCUME~1/MATLAB/R2022b/ARDUIN~1/ARDUIN~2/FASTER~1\libcore.a(cortex_handlers.o) (sysTickHook)
C:/Users/ROHITM~1/DOCUME~1/MATLAB/R2022b/ARDUIN~1/ARDUIN~2/FASTER~1\libcore.a(delay.o)
                              io_wrappers.o (millis)
C:/Users/ROHITM~1/DOCUME~1/MATLAB/R2022b/ARDUIN~1/ARDUIN~2/FASTER~1\libcore.a(startup.o)
                              C:/Users/ROHITM~1/DOCUME~1/MATLAB/R2022b/ARDUIN~1/ARDUIN~2/FASTER~1\libcore.a(cortex_handlers.o) (SystemInit)
C:/Users/ROHITM~1/DOCUME~1/MATLAB/R2022b/ARDUIN~1/ARDUIN~2/FASTER~1\libcore.a(wiring.o)
                              ert_main.o (init)
C:/Users/ROHITM~1/DOCUME~1/MATLAB/R2022b/ARDUIN~1/ARDUIN~2/FASTER~1\libcore.a(wiring_analog.o)
                              C:/Users/ROHITM~1/DOCUME~1/MATLAB/R2022b/ARDUIN~1/ARDUIN~2/FASTER~1\libcore.a(wiring.o) (analogReference)
C:/Users/ROHITM~1/DOCUME~1/MATLAB/R2022b/ARDUIN~1/ARDUIN~2/FASTER~1\libcore.a(wiring_digital.o)
                              io_wrappers.o (pinMode)
C:/Users/ROHITM~1/DOCUME~1/MATLAB/R2022b/ARDUIN~1/ARDUIN~2/FASTER~1\libcore.a(wiring_private.o)
                              MW_PWMDriver.o (pinPeripheral)
C:/Users/ROHITM~1/DOCUME~1/MATLAB/R2022b/ARDUIN~1/ARDUIN~2/FASTER~1\libcore.a(abi.o)
                              C:/Users/ROHITM~1/DOCUME~1/MATLAB/R2022b/ARDUIN~1/ARDUIN~2/FASTER~1\libcomm.a(Wire.o) (__cxa_pure_virtual)
C:/Users/ROHITM~1/DOCUME~1/MATLAB/R2022b/ARDUIN~1/ARDUIN~2/FASTER~1\libcore.a(Print.o)
                              C:/Users/ROHITM~1/DOCUME~1/MATLAB/R2022b/ARDUIN~1/ARDUIN~2/FASTER~1\libcomm.a(Wire.o) (Print::write(unsigned char const*, unsigned int))
C:/Users/ROHITM~1/DOCUME~1/MATLAB/R2022b/ARDUIN~1/ARDUIN~2/FASTER~1\libcore.a(Reset.o)
                              C:/Users/ROHITM~1/DOCUME~1/MATLAB/R2022b/ARDUIN~1/ARDUIN~2/FASTER~1\libcore.a(delay.o) (tickReset)
C:/Users/ROHITM~1/DOCUME~1/MATLAB/R2022b/ARDUIN~1/ARDUIN~2/FASTER~1\libcore.a(SERCOM.o)
[...]
Memory Configuration

Name             Origin             Length             Attributes
FLASH            0x00002000         0x0003e000         xr
RAM              0x20000000         0x00008000         xrw
*default*        0x00000000         0xffffffff

Linker script and memory map

LOAD c:/programdata/matlab/supportpackages/r2022b/aide/tools/arm-none-eabi-gcc/4.8.3-2014q1/bin/../lib/gcc/arm-none-eabi/4.8.3/armv6-m/crti.o
LOAD c:/programdata/matlab/supportpackages/r2022b/aide/tools/arm-none-eabi-gcc/4.8.3-2014q1/bin/../lib/gcc/arm-none-eabi/4.8.3/armv6-m/crtbegin.o
LOAD c:/programdata/matlab/supportpackages/r2022b/aide/tools/arm-none-eabi-gcc/4.8.3-2014q1/bin/../lib/gcc/arm-none-eabi/4.8.3/../../../../arm-none-eabi/lib/armv6-m/crt0.o
START GROUP
LOAD C:/ProgramData/MATLAB/SupportPackages/R2022b/aIDE/portable/packages/arduino/tools/CMSIS/4.5.0/CMSIS/Lib/GCC\libarm_cortexM0l_math.a
LOAD MW_arduinoI2C.o
LOAD io_wrappers.o
LOAD MW_PWM.o
LOAD MW_PWMDriver.o
LOAD ArduinoPinHandleMap.o
LOAD xcp_ext_mode.o
LOAD hardwareModel_Balance_1.o
LOAD hardwareModel_Balance_1_data.o
LOAD rtGetInf.o
LOAD rtGetNaN.o
LOAD rt_nonfinite.o
LOAD xcp_ext_common.o
LOAD xcp_ext_classic_trigger.o
LOAD xcp.o
LOAD xcp_standard.o
LOAD xcp_daq.o
LOAD xcp_calibration.o
LOAD xcp_fifo.o
LOAD xcp_transport.o
LOAD xcp_mem_default.o
LOAD xcp_drv_rtiostream.o
LOAD xcp_utils.o
LOAD xcp_frame_serial.o
LOAD xcp_ext_param_default_serial.o
LOAD MW_ArduinoHWInit.o
LOAD arduinoARM_M0plusScheduler.o
LOAD m0m1m0plus_multitasking.o
LOAD rtiostream_serial_daemon.o
LOAD sys_arch.o
LOAD ert_main.o
LOAD C:/Users/ROHITM~1/DOCUME~1/MATLAB/R2022b/ARDUIN~1/ARDUIN~2/FASTER~1/MW_RebuildSrc_Comm.o
LOAD C:/Users/ROHITM~1/DOCUME~1/MATLAB/R2022b/ARDUIN~1/ARDUIN~2/FASTER~1/MW_RebuildSrc_Core.o
END GROUP
LOAD c:/programdata/matlab/supportpackages/r2022b/aide/tools/arm-none-eabi-gcc/4.8.3-2014q1/bin/../lib/gcc/arm-none-eabi/4.8.3/../../../../arm-none-eabi/lib/armv6-m\libm.a
LOAD C:/Users/ROHITM~1/DOCUME~1/MATLAB/R2022b/ARDUIN~1/ARDUIN~2/FASTER~1\libcomm.a
LOAD C:/Users/ROHITM~1/DOCUME~1/MATLAB/R2022b/ARDUIN~1/ARDUIN~2/FASTER~1\libcore.a
START GROUP
LOAD c:/programdata/matlab/supportpackages/r2022b/aide/tools/arm-none-eabi-gcc/4.8.3-2014q1/bin/../lib/gcc/arm-none-eabi/4.8.3/armv6-m\libgcc.a
LOAD c:/programdata/matlab/supportpackages/r2022b/aide/tools/arm-none-eabi-gcc/4.8.3-2014q1/bin/../lib/gcc/arm-none-eabi/4.8.3/../../../../arm-none-eabi/lib/armv6-m\libg_s.a
LOAD c:/programdata/matlab/supportpackages/r2022b/aide/tools/arm-none-eabi-gcc/4.8.3-2014q1/bin/../lib/gcc/arm-none-eabi/4.8.3/../../../../arm-none-eabi/lib/armv6-m\libc_s.a
END GROUP
START GROUP
LOAD c:/programdata/matlab/supportpackages/r2022b/aide/tools/arm-none-eabi-gcc/4.8.3-2014q1/bin/../lib/gcc/arm-none-eabi/4.8.3/armv6-m\libgcc.a
LOAD c:/programdata/matlab/supportpackages/r2022b/aide/tools/arm-none-eabi-gcc/4.8.3-2014q1/bin/../lib/gcc/arm-none-eabi/4.8.3/../../../../arm-none-eabi/lib/armv6-m\libc_s.a
LOAD c:/programdata/matlab/supportpackages/r2022b/aide/tools/arm-none-eabi-gcc/4.8.3-2014q1/bin/../lib/gcc/arm-none-eabi/4.8.3/../../../../arm-none-eabi/lib/armv6-m\libnosys.a
END GROUP
START GROUP
LOAD c:/programdata/matlab/supportpackages/r2022b/aide/tools/arm-none-eabi-gcc/4.8.3-2014q1/bin/../lib/gcc/arm-none-eabi/4.8.3/armv6-m\libgcc.a
LOAD c:/programdata/matlab/supportpackages/r2022b/aide/tools/arm-none-eabi-gcc/4.8.3-2014q1/bin/../lib/gcc/arm-none-eabi/4.8.3/../../../../arm-none-eabi/lib/armv6-m\libc_s.a
LOAD c:/programdata/matlab/supportpackages/r2022b/aide/tools/arm-none-eabi-gcc/4.8.3-2014q1/bin/../lib/gcc/arm-none-eabi/4.8.3/../../../../arm-none-eabi/lib/armv6-m\libnosys.a
END GROUP
LOAD c:/programdata/matlab/supportpackages/r2022b/aide/tools/arm-none-eabi-gcc/4.8.3-2014q1/bin/../lib/gcc/arm-none-eabi/4.8.3/armv6-m/crtend.o
LOAD c:/programdata/matlab/supportpackages/r2022b/aide/tools/arm-none-eabi-gcc/4.8.3-2014q1/bin/../lib/gcc/arm-none-eabi/4.8.3/armv6-m/crtn.o

.text           0x00002000     0xa218
                0x00002000                __text_start__ = .
 *(.sketch_boot)
                0x00002000                . = ALIGN (0x2000)
 *(.isr_vector)
 .isr_vector    0x00002000       0xb4 C:/Users/ROHITM~1/DOCUME~1/MATLAB/R2022b/ARDUIN~1/ARDUIN~2/FASTER~1\libcore.a(cortex_handlers.o)
                0x00002000                exception_table
 *(.text*)
 .text          0x000020b4       0x60 c:/programdata/matlab/supportpackages/r2022b/aide/tools/arm-none-eabi-gcc/4.8.3-2014q1/bin/../lib/gcc/arm-none-eabi/4.8.3/armv6-m/crtbegin.o
 .text.MW_I2C_Open
                0x00002114       0x24 MW_arduinoI2C.o
                0x00002114                MW_I2C_Open
 .text.MW_I2C_SetBusSpeed
                0x00002138       0x20 MW_arduinoI2C.o
                0x00002138                MW_I2C_SetBusSpeed
 .text.MW_I2C_MasterRead
                0x00002158       0x5c MW_arduinoI2C.o
                0x00002158                MW_I2C_MasterRead
 .text.MW_I2C_MasterWrite
                0x000021b4       0x4a MW_arduinoI2C.o
                0x000021b4                MW_I2C_MasterWrite
 .text.MW_I2C_Close
                0x000021fe        0x2 MW_arduinoI2C.o
                0x000021fe                MW_I2C_Close
 .text.MW_usbattach
                0x00002200       0x1c io_wrappers.o
                0x00002200                MW_usbattach
 .text.MW_delay_in_milliseconds
                0x0000221c       0x16 io_wrappers.o
                0x0000221c                MW_delay_in_milliseconds
 .text.MW_getCurrentTime_in_milliseconds
                0x00002232        0x8 io_wrappers.o
                0x00002232                MW_getCurrentTime_in_milliseconds
 *fill*         0x0000223a        0x2 
 .text.Serial_begin
                0x0000223c       0x48 io_wrappers.o
                0x0000223c                Serial_begin
 *fill*         0x00002284        0x4 
 .text.MW_PWM_SetDutyCycle
                0x00002288       0x58 MW_PWM.o
                0x00002288                MW_PWM_SetDutyCycle
 .text.MW_PWM_GetHandle
                0x000022e0       0x24 MW_PWM.o
                0x000022e0                MW_PWM_GetHandle
 .text.setPWMHandle
                0x00002304       0x2c MW_PWM.o
                0x00002304                setPWMHandle
 .text.MW_PWM_Open
                0x00002330       0x58 MW_PWM.o
                0x00002330                MW_PWM_Open
 .text.MW_PWM_Close
                0x00002388       0x16 MW_PWM.o
                0x00002388                MW_PWM_Close
 *fill*         0x0000239e        0x2 
 .text.MW_analogWrite
                0x000023a0       0xd4 MW_PWMDriver.o
                0x000023a0                MW_analogWrite
 .text.MW_setAnalogFrequency
                0x00002474      0x13c MW_PWMDriver.o
                0x00002474                MW_setAnalogFrequency
 .text.extmodeParseArgs
                0x000025b0        0x4 xcp_ext_mode.o
                0x000025b0                extmodeParseArgs
 *fill*         0x000025b4        0x4 
 .text.extmodeInit
                0x000025b8       0xa8 xcp_ext_mode.o
                0x000025b8                extmodeInit
 .text.extmodeWaitForHostRequest
                0x00002660       0x88 xcp_ext_mode.o
                0x00002660                extmodeWaitForHostRequest
 .text.extmodeEvent
                0x000026e8       0x90 xcp_ext_mode.o
                0x000026e8                extmodeEvent
 .text.extmodeBackgroundRun
                0x00002778        0xa xcp_ext_mode.o
                0x00002778                extmodeBackgroundRun
 *fill*         0x00002782        0x2 
 .text.extmodeReset
                0x00002784       0x28 xcp_ext_mode.o
                0x00002784                extmodeReset
 .text.extmodeStopRequested
                0x000027ac        0xc xcp_ext_mode.o
                0x000027ac                extmodeStopRequested
 .text.extmodeSimulationComplete
                0x000027b8        0xc xcp_ext_mode.o
                0x000027b8                extmodeSimulationComplete
 .text.mul_wide_s32
                0x000027c4       0x72 hardwareModel_Balance_1.o
                0x000027c4                mul_wide_s32
 *fill*         0x00002836        0x2 
 .text.mul_s32_sat
                0x00002838       0x38 hardwareModel_Balance_1.o
                0x00002838                mul_s32_sat
 .text.mkrmotorcarrier_ServoMotor_Serv.isra.0.constprop.6
                0x00002870       0x98 hardwareModel_Balance_1.o
 .text.rt_roundd_snf
                0x00002908       0x90 hardwareModel_Balance_1.o
                0x00002908                rt_roundd_snf
 .text.hardwareModel_Balance_1_step
                0x00002998      0xb00 hardwareModel_Balance_1.o
                0x00002998                hardwareModel_Balance_1_step
 .text.hardwareModel_Balance_1_initialize
                0x00003498      0x550 hardwareModel_Balance_1.o
                0x00003498                hardwareModel_Balance_1_initialize
 .text.hardwareModel_Balance_1_terminate
                0x000039e8      0x200 hardwareModel_Balance_1.o
                0x000039e8                hardwareModel_Balance_1_terminate
 .text.rtGetInf
                0x00003be8       0x10 rtGetInf.o
                0x00003be8                rtGetInf
 .text.rtGetInfF
                0x00003bf8        0x6 rtGetInf.o
                0x00003bf8                rtGetInfF
 *fill*         0x00003bfe        0x2 
 .text.rtGetMinusInf
                0x00003c00       0x10 rtGetInf.o
                0x00003c00                rtGetMinusInf
 .text.rtGetMinusInfF
                0x00003c10        0x8 rtGetInf.o
                0x00003c10                rtGetMinusInfF
 .text.rtGetNaN
                0x00003c18       0x10 rtGetNaN.o
                0x00003c18                rtGetNaN
 .text.rtGetNaNF
                0x00003c28        0x8 rtGetNaN.o
                0x00003c28                rtGetNaNF
 .text.rt_InitInfAndNaN
                0x00003c30       0x54 rt_nonfinite.o
                0x00003c30                rt_InitInfAndNaN
 .text.rtIsInf  0x00003c84       0x34 rt_nonfinite.o
                0x00003c84                rtIsInf
 .text.rtIsNaN  0x00003cb8       0x24 rt_nonfinite.o
                0x00003cb8                rtIsNaN
 *fill*         0x00003cdc        0x4 
 .text.xcpExtModeUpdateTime
                0x00003ce0       0xf0 xcp_ext_common.o
                0x00003ce0                xcpExtModeUpdateTime
 .text.xcpExtModeGetUpdatedTimestamp
                0x00003dd0       0x48 xcp_ext_common.o
                0x00003dd0                xcpExtModeGetUpdatedTimestamp
 .text.xcpExtModeInit
                0x00003e18       0x50 xcp_ext_common.o
                0x00003e18                xcpExtModeInit
 .text.xcpExtModeRunBackground
                0x00003e68       0x74 xcp_ext_common.o
                0x00003e68                xcpExtModeRunBackground
 *fill*         0x00003edc        0x4 
 .text.xcpExtModeReset
                0x00003ee0       0xb8 xcp_ext_common.o
                0x00003ee0                xcpExtModeReset
 .text.xcpExtModeClassicTriggerInit
                0x00003f98       0x58 xcp_ext_classic_trigger.o
                0x00003f98                xcpExtModeClassicTriggerInit
 .text.xcpExtModeClassicTriggerEnabled
                0x00003ff0      0x34c xcp_ext_classic_trigger.o
                0x00003ff0                xcpExtModeClassicTriggerEnabled
 *fill*         0x0000433c        0x4 
 .text.xcpExtModeClassicTriggerReset
                0x00004340       0xc8 xcp_ext_classic_trigger.o
                0x00004340                xcpExtModeClassicTriggerReset
 .text.xcpExtModeClassicTriggerForceEnableStatusUpdate
                0x00004408       0x50 xcp_ext_classic_trigger.o
                0x00004408                xcpExtModeClassicTriggerForceEnableStatusUpdate
 .text.unknownInputPacketHandler
                0x00004458        0xa xcp.o
 .text.discardInputPacketHandler
                0x00004462       0x12 xcp.o
 .text.genericOutputPacketHandler
                0x00004474       0x68 xcp.o
                0x00004474                genericOutputPacketHandler
 .text.xcpStatusSet
                0x000044dc        0xc xcp.o
                0x000044dc                xcpStatusSet
 .text.xcpSessionStatusGet
                0x000044e8        0xc xcp.o
                0x000044e8                xcpSessionStatusGet
 .text.xcpSessionStatusSetMask
                0x000044f4       0x10 xcp.o
                0x000044f4                xcpSessionStatusSetMask
 .text.xcpSessionStatusClearMask
                0x00004504       0x10 xcp.o
                0x00004504                xcpSessionStatusClearMask
 .text.xcpResourceProtectionStatusGet
                0x00004514        0xc xcp.o
                0x00004514                xcpResourceProtectionStatusGet
 .text.xcpSessionConfigurationIdGet
                0x00004520        0xc xcp.o
                0x00004520                xcpSessionConfigurationIdGet
 .text.xcpFindPacket
                0x0000452c       0x2a xcp.o
                0x0000452c                xcpFindPacket
 *fill*         0x00004556        0x2 
 .text.xcpInit  0x00004558       0x40 xcp.o
                0x00004558                xcpInit
 .text.xcpRun   0x00004598      0x1a0 xcp.o
                0x00004598                xcpRun
 .text.xcpEventExternalTimestamp
                0x00004738       0x1c xcp.o
                0x00004738                xcpEventExternalTimestamp
 .text.xcpGetStatus
                0x00004754        0xc xcp.o
                0x00004754                xcpGetStatus
 .text.xcpReset
                0x00004760       0x28 xcp.o
                0x00004760                xcpReset
 .text.xcpPackedModeEventsFlush
                0x00004788        0x8 xcp.o
                0x00004788                xcpPackedModeEventsFlush
 .text.xcpPackedModeEventReset
                0x00004790        0xc xcp.o
                0x00004790                xcpPackedModeEventReset
 .text.getStatusInputPacketHandler
                0x0000479c        0x8 xcp_standard.o
 .text.getPacket
                0x000047a4       0x10 xcp_standard.o
 .text.uploadInputPacketHandler
                0x000047b4       0x40 xcp_standard.o
 .text.synchInputPacketHandler
                0x000047f4       0x1e xcp_standard.o
 .text.getStatusOutputPacketHandler
                0x00004812       0x2a xcp_standard.o
 .text.disconnectInputPacketHandler
                0x0000483c       0x24 xcp_standard.o
 .text.connectInputPacketHandler
                0x00004860       0x34 xcp_standard.o
 .text.connectOutputPacketHandler
                0x00004894       0x3e xcp_standard.o
 *fill*         0x000048d2        0x2 
 .text.xcpStandardInit
                0x000048d4       0x10 xcp_standard.o
                0x000048d4                xcpStandardInit
 .text.xcpStandardGetPacketLookup
                0x000048e4        0xc xcp_standard.o
                0x000048e4                xcpStandardGetPacketLookup
 .text.xcpStandardReset
                0x000048f0        0xc xcp_standard.o
                0x000048f0                xcpStandardReset
 .text.xcpStandardGetAddressFromMta
                0x000048fc        0xc xcp_standard.o
                0x000048fc                xcpStandardGetAddressFromMta
 .text.xcpStandardSetMta
                0x00004908       0x1c xcp_standard.o
                0x00004908                xcpStandardSetMta
 .text.shortUploadInputPacketHandler
                0x00004924       0x54 xcp_standard.o
 .text.setMTAInputPacketHandler
                0x00004978       0x36 xcp_standard.o
 *fill*         0x000049ae        0x2 
 .text.xcpStandardIncrementMta
                0x000049b0       0x10 xcp_standard.o
                0x000049b0                xcpStandardIncrementMta
 .text.shortUploadOutputPacketHandler
                0x000049c0       0x40 xcp_standard.o
 .text.uploadOutputPacketHandler
                0x00004a00       0x40 xcp_standard.o
 .text.isActiveDaqList
                0x00004a40       0x20 xcp_daq.o
 .text.noActiveDaqLists
                0x00004a60       0x2c xcp_daq.o
 .text.isValidDaqPtr
                0x00004a8c       0x44 xcp_daq.o
 .text.isDaqPackedModeEnabled
                0x00004ad0       0x30 xcp_daq.o
 .text.setDaqPtrInputPacketHandler
                0x00004b00       0x50 xcp_daq.o
 .text.writeDaqInputPacketHandler
                0x00004b50       0x98 xcp_daq.o
 .text.setDaqListModeInputPacketHandler
                0x00004be8       0x88 xcp_daq.o
 .text.getDaqProcessorInfoInputPacketHandler
                0x00004c70        0x8 xcp_daq.o
 .text.getDaqResolutionInfoInputPacketHandler
                0x00004c78        0x8 xcp_daq.o
 .text.level1CommandInputPacketHandler
                0x00004c80       0x98 xcp_daq.o
 .text.getDaqResolutionInfoOutputPacketHandler
                0x00004d18       0x28 xcp_daq.o
 .text.getDaqProcessorInfoOutputPacketHandler
                0x00004d40       0x2a xcp_daq.o
 *fill*         0x00004d6a        0x2 
 .text.getPacket
                0x00004d6c       0x10 xcp_daq.o
 .text.allocOdtEntryInputPacketHandler
                0x00004d7c       0xa0 xcp_daq.o
 .text.allocOdtInputPacketHandler
                0x00004e1c       0x88 xcp_daq.o
 .text.allocDaqInputPacketHandler
                0x00004ea4       0x8c xcp_daq.o
 .text.createDaqReservedPool
                0x00004f30       0x54 xcp_daq.o
 .text.startStopDaqListOutputPacketHandler
                0x00004f84       0x2c xcp_daq.o
 .text.xcpDaqWriteLock.isra.2
                0x00004fb0       0x28 xcp_daq.o
 .text.xcpDaqWriteUnlock.isra.3
                0x00004fd8       0x10 xcp_daq.o
 .text.startStopDaqListInputPacketHandler
                0x00004fe8      0x1d8 xcp_daq.o
 .text.startStopSynchInputPacketHandler
                0x000051c0      0x13c xcp_daq.o
 .text.xcpDaqInit
                0x000052fc       0x2c xcp_daq.o
                0x000052fc                xcpDaqInit
 .text.xcpDaqGetPacketLookup
                0x00005328        0xc xcp_daq.o
                0x00005328                xcpDaqGetPacketLookup
 .text.xcpDaqEvent
                0x00005334      0x2a4 xcp_daq.o
                0x00005334                xcpDaqEvent
 .text.xcpDaqEventsFlush
                0x000055d8       0xe0 xcp_daq.o
                0x000055d8                xcpDaqEventsFlush
 .text.xcpDaqLock
                0x000056b8        0x8 xcp_daq.o
                0x000056b8                xcpDaqLock
 .text.xcpDaqUnlock
                0x000056c0        0x8 xcp_daq.o
                0x000056c0                xcpDaqUnlock
 .text.xcpResetDaqListStatus
                0x000056c8       0xb0 xcp_daq.o
                0x000056c8                xcpResetDaqListStatus
 .text.freeDaqInputPacketHandler
                0x00005778       0x24 xcp_daq.o
 .text.xcpDaqReset
                0x0000579c       0x1c xcp_daq.o
                0x0000579c                xcpDaqReset
 .text.getPacket
                0x000057b8       0x10 xcp_calibration.o
 .text.shortDownloadInputPacketHandler
                0x000057c8       0x60 xcp_calibration.o
 .text.downloadInputPacketHandler
                0x00005828       0x4e xcp_calibration.o
 *fill*         0x00005876        0x2 
 .text.xcpCalibrationInit
                0x00005878       0x10 xcp_calibration.o
                0x00005878                xcpCalibrationInit
 .text.xcpCalibrationGetPacketLookup
                0x00005888        0xc xcp_calibration.o
                0x00005888                xcpCalibrationGetPacketLookup
 .text.xcpCalibrationReset
                0x00005894        0x2 xcp_calibration.o
                0x00005894                xcpCalibrationReset
 .text.xcpFifoInit
                0x00005896        0x8 xcp_fifo.o
                0x00005896                xcpFifoInit
 .text.xcpFifoEnqueue
                0x0000589e        0xc xcp_fifo.o
                0x0000589e                xcpFifoEnqueue
 .text.xcpFifoDequeue
                0x000058aa       0x16 xcp_fifo.o
                0x000058aa                xcpFifoDequeue
 .text.xcpFifoEnqueueHead
                0x000058c0        0xe xcp_fifo.o
                0x000058c0                xcpFifoEnqueueHead
 .text.xcpFifoReset
                0x000058ce        0x8 xcp_fifo.o
                0x000058ce                xcpFifoReset
 *fill*         0x000058d6        0x2 
 .text.xcpTransportEmptyTxFifo
                0x000058d8       0x44 xcp_transport.o
 .text.xcpTransportEmptyRxFifo
                0x0000591c       0x38 xcp_transport.o
 .text.xcpTransportTxReady
                0x00005954        0x4 xcp_transport.o
                0x00005954                xcpTransportTxReady
 .text.xcpTransportTxTrigger
                0x00005958        0x4 xcp_transport.o
                0x00005958                xcpTransportTxTrigger
 .text.xcpTransportTx
                0x0000595c       0x8c xcp_transport.o
                0x0000595c                xcpTransportTx
 .text.xcpTransportRx
                0x000059e8       0x50 xcp_transport.o
                0x000059e8                xcpTransportRx
 .text.xcpTransportPacketOffset
                0x00005a38        0xa xcp_transport.o
                0x00005a38                xcpTransportPacketOffset
 *fill*         0x00005a42        0x2 
 .text.xcpTransportTxPacketSet
                0x00005a44       0x80 xcp_transport.o
                0x00005a44                xcpTransportTxPacketSet
 .text.xcpTransportRxPacketGet
                0x00005ac4       0x84 xcp_transport.o
                0x00005ac4                xcpTransportRxPacketGet
 .text.xcpTransportMsgBufferSize
                0x00005b48       0x2a xcp_transport.o
                0x00005b48                xcpTransportMsgBufferSize
 *fill*         0x00005b72        0x2 
 .text.xcpTransportInit
                0x00005b74       0x84 xcp_transport.o
                0x00005b74                xcpTransportInit
 .text.xcpTransportMaxDtoSize
                0x00005bf8        0x8 xcp_transport.o
                0x00005bf8                xcpTransportMaxDtoSize
 .text.xcpTransportMaxCtoSize
                0x00005c00        0x8 xcp_transport.o
                0x00005c00                xcpTransportMaxCtoSize
 .text.xcpTransportRestart
                0x00005c08       0x16 xcp_transport.o
                0x00005c08                xcpTransportRestart
 .text.xcpTransportResynch
                0x00005c1e       0x12 xcp_transport.o
                0x00005c1e                xcpTransportResynch
 .text.xcpTransportCtoReservedMemPoolId
                0x00005c30        0xc xcp_transport.o
                0x00005c30                xcpTransportCtoReservedMemPoolId
 .text.xcpTransportReset
                0x00005c3c       0x58 xcp_transport.o
                0x00005c3c                xcpTransportReset
 .text.xcpInitializePoolMemoryArea
                0x00005c94       0x34 xcp_mem_default.o
 .text.xcpMemInit
                0x00005cc8       0xac xcp_mem_default.o
                0x00005cc8                xcpMemInit
 .text.xcpMemAlloc
                0x00005d74       0x64 xcp_mem_default.o
                0x00005d74                xcpMemAlloc
 .text.xcpMemFree
                0x00005dd8       0x78 xcp_mem_default.o
                0x00005dd8                xcpMemFree
 .text.xcpMemReservedPoolCreate
                0x00005e50       0xf0 xcp_mem_default.o
                0x00005e50                xcpMemReservedPoolCreate
 .text.xcpMemReservedPoolDestroy
                0x00005f40       0x90 xcp_mem_default.o
                0x00005f40                xcpMemReservedPoolDestroy
 .text.xcpMemCustomPoolCreate
                0x00005fd0       0x54 xcp_mem_default.o
                0x00005fd0                xcpMemCustomPoolCreate
 .text.xcpMemCustomPoolDestroy
                0x00006024       0x2c xcp_mem_default.o
                0x00006024                xcpMemCustomPoolDestroy
 .text.xcpMemAllocFromPool
                0x00006050       0x7c xcp_mem_default.o
                0x00006050                xcpMemAllocFromPool
 .text.xcpMemReset
                0x000060cc       0x48 xcp_mem_default.o
                0x000060cc                xcpMemReset
 .text.xcpDrvOpen
                0x00006114       0x24 xcp_drv_rtiostream.o
                0x00006114                xcpDrvOpen
 .text.xcpDrvIoctl
                0x00006138       0x18 xcp_drv_rtiostream.o
                0x00006138                xcpDrvIoctl
 .text.xcpDrvSend
                0x00006150       0x94 xcp_drv_rtiostream.o
                0x00006150                xcpDrvSend
 .text.xcpDrvRecv
                0x000061e4       0x94 xcp_drv_rtiostream.o
                0x000061e4                xcpDrvRecv
 .text.xcpDrvClose
                0x00006278       0x28 xcp_drv_rtiostream.o
                0x00006278                xcpDrvClose
 .text.xcpSortArray
                0x000062a0       0x3e xcp_utils.o
                0x000062a0                xcpSortArray
 *fill*         0x000062de        0x2 
 .text.xcpSxiChecksum
                0x000062e0       0x20 xcp_frame_serial.o
                0x000062e0                xcpSxiChecksum
 .text.xcpFrameInit
                0x00006300       0x3c xcp_frame_serial.o
                0x00006300                xcpFrameInit
 .text.xcpFrameMsgSend
                0x0000633c       0xa4 xcp_frame_serial.o
                0x0000633c                xcpFrameMsgSend
 .text.xcpFrameMsgRecv
                0x000063e0       0xbc xcp_frame_serial.o
                0x000063e0                xcpFrameMsgRecv
 .text.xcpFrameCreateMsg
                0x0000649c       0x28 xcp_frame_serial.o
                0x0000649c                xcpFrameCreateMsg
 .text.xcpFrameExtractPacket
                0x000064c4       0xa8 xcp_frame_serial.o
                0x000064c4                xcpFrameExtractPacket
 .text.xcpFrameHeaderSize
                0x0000656c        0x4 xcp_frame_serial.o
                0x0000656c                xcpFrameHeaderSize
 .text.xcpFrameTailSize
                0x00006570        0x4 xcp_frame_serial.o
                0x00006570                xcpFrameTailSize
 .text.xcpFrameMaxDtoSize
                0x00006574        0x8 xcp_frame_serial.o
                0x00006574                xcpFrameMaxDtoSize
 .text.xcpFrameMaxCtoSize
                0x0000657c        0x4 xcp_frame_serial.o
                0x0000657c                xcpFrameMaxCtoSize
 .text.xcpFrameRestart
                0x00006580       0x1c xcp_frame_serial.o
                0x00006580                xcpFrameRestart
 .text.xcpFrameSetCtoReservedMemPoolId
                0x0000659c        0xc xcp_frame_serial.o
                0x0000659c                xcpFrameSetCtoReservedMemPoolId
 .text.xcpFrameReset
                0x000065a8       0x38 xcp_frame_serial.o
                0x000065a8                xcpFrameReset
 .text.xcpTransportGetInitParameters
                0x000065e0       0x10 xcp_ext_param_default_serial.o
                0x000065e0                xcpTransportGetInitParameters
 .text.xcpGetInitParameters
                0x000065f0       0x10 xcp_ext_param_default_serial.o
                0x000065f0                xcpGetInitParameters
 .text._ZN7TwoWire5writeEi
                0x00006600        0xc MW_ArduinoHWInit.o
                0x00006600                TwoWire::write(int)
 .text.MW_Arduino_Terminate
                0x0000660c        0x8 MW_ArduinoHWInit.o
                0x0000660c                MW_Arduino_Terminate
 .text._Z35MW_EnableNanoCarrierBatteryChargingv
                0x00006614       0xa8 MW_ArduinoHWInit.o
                0x00006614                MW_EnableNanoCarrierBatteryCharging()
 .text.MW_Arduino_Init
                0x000066bc       0x18 MW_ArduinoHWInit.o
                0x000066bc                MW_Arduino_Init
 .text._ZL13Scheduler_Isrv
                0x000066d4        0xc arduinoARM_M0plusScheduler.o
 .text.resetExternalChip
                0x000066e0        0x2 arduinoARM_M0plusScheduler.o
                0x000066e0                resetExternalChip
 *fill*         0x000066e2        0x2 
 .text.RTC_Handler
                0x000066e4       0x20 arduinoARM_M0plusScheduler.o
                0x000066e4                RTC_Handler
 .text.Setup_SchedulerRTC
                0x00006704       0xac arduinoARM_M0plusScheduler.o
                0x00006704                Setup_SchedulerRTC
 .text.configureArduinoARM_M0plusTimer
                0x000067b0       0x14 arduinoARM_M0plusScheduler.o
                0x000067b0                configureArduinoARM_M0plusTimer
 .text.disable_rt_OneStep
                0x000067c4       0x14 arduinoARM_M0plusScheduler.o
                0x000067c4                disable_rt_OneStep
 .text.MW_Arduino_Loop
                0x000067d8        0x4 arduinoARM_M0plusScheduler.o
                0x000067d8                MW_Arduino_Loop
 .text.arm_cortex_m_call_thread_with_context_switch
                0x000067dc       0x24 m0m1m0plus_multitasking.o
                0x000067dc                arm_cortex_m_call_thread_with_context_switch
 .text.SVC_Handler
                0x00006800       0x2c m0m1m0plus_multitasking.o
                0x00006800                SVC_Handler
 .text.rtIOStreamOpen
                0x0000682c       0x2c rtiostream_serial_daemon.o
                0x0000682c                rtIOStreamOpen
 .text.rtIOStreamRecv
                0x00006858       0x64 rtiostream_serial_daemon.o
                0x00006858                rtIOStreamRecv
 .text.rtIOStreamClose
                0x000068bc       0x24 rtiostream_serial_daemon.o
                0x000068bc                rtIOStreamClose
 .text.rtIOStreamSend
                0x000068e0       0x18 rtiostream_serial_daemon.o
                0x000068e0                rtIOStreamSend
 .text.sys_arch_protect
                0x000068f8        0x8 sys_arch.o
                0x000068f8                sys_arch_protect
 .text.sys_arch_unprotect
                0x00006900        0x6 sys_arch.o
                0x00006900                sys_arch_unprotect
 *fill*         0x00006906        0x2 
 .text.rt_OneStep
                0x00006908       0x48 ert_main.o
                0x00006908                rt_OneStep
 .text.startup.main
                0x00006950       0xf0 ert_main.o
                0x00006950                main
 .text.ceil     0x00006a40      0x168 c:/programdata/matlab/supportpackages/r2022b/aide/tools/arm-none-eabi-gcc/4.8.3-2014q1/bin/../lib/gcc/arm-none-eabi/4.8.3/../../../../arm-none-eabi/lib/armv6-m\libm.a(lib_a-s_ceil.o)
                0x00006a40                ceil
 .text.floor    0x00006ba8      0x170 c:/programdata/matlab/supportpackages/r2022b/aide/tools/arm-none-eabi-gcc/4.8.3-2014q1/bin/../lib/gcc/arm-none-eabi/4.8.3/../../../../arm-none-eabi/lib/armv6-m\libm.a(lib_a-s_floor.o)
                0x00006ba8                floor
 .text.fmod     0x00006d18       0xd0 c:/programdata/matlab/supportpackages/r2022b/aide/tools/arm-none-eabi-gcc/4.8.3-2014q1/bin/../lib/gcc/arm-none-eabi/4.8.3/../../../../arm-none-eabi/lib/armv6-m\libm.a(lib_a-w_fmod.o)
                0x00006d18                fmod
 .text.__ieee754_fmod
                0x00006de8      0x29c c:/programdata/matlab/supportpackages/r2022b/aide/tools/arm-none-eabi-gcc/4.8.3-2014q1/bin/../lib/gcc/arm-none-eabi/4.8.3/../../../../arm-none-eabi/lib/armv6-m\libm.a(lib_a-e_fmod.o)
                0x00006de8                __ieee754_fmod
 .text.__fpclassifyd
                0x00007084       0x60 c:/programdata/matlab/supportpackages/r2022b/aide/tools/arm-none-eabi-gcc/4.8.3-2014q1/bin/../lib/gcc/arm-none-eabi/4.8.3/../../../../arm-none-eabi/lib/armv6-m\libm.a(lib_a-s_fpclassify.o)
                0x00007084                __fpclassifyd
 .text.matherr  0x000070e4        0x4 c:/programdata/matlab/supportpackages/r2022b/aide/tools/arm-none-eabi-gcc/4.8.3-2014q1/bin/../lib/gcc/arm-none-eabi/4.8.3/../../../../arm-none-eabi/lib/armv6-m\libm.a(lib_a-s_matherr.o)
                0x000070e4                matherr
 .text._ZN5Print17availableForWriteEv
                0x000070e8        0x4 C:/Users/ROHITM~1/DOCUME~1/MATLAB/R2022b/ARDUIN~1/ARDUIN~2/FASTER~1\libcomm.a(Wire.o)
                0x000070e8                Print::availableForWrite()
 .text._ZN7TwoWire5writeEPKhj
                0x000070ec       0x24 C:/Users/ROHITM~1/DOCUME~1/MATLAB/R2022b/ARDUIN~1/ARDUIN~2/FASTER~1\libcomm.a(Wire.o)
                0x000070ec                TwoWire::write(unsigned char const*, unsigned int)
 .text._ZN7TwoWire5flushEv
                0x00007110        0x2 C:/Users/ROHITM~1/DOCUME~1/MATLAB/R2022b/ARDUIN~1/ARDUIN~2/FASTER~1\libcomm.a(Wire.o)
                0x00007110                TwoWire::flush()
 .text._ZN7TwoWire4peekEv
                0x00007112       0x1a C:/Users/ROHITM~1/DOCUME~1/MATLAB/R2022b/ARDUIN~1/ARDUIN~2/FASTER~1\libcomm.a(Wire.o)
                0x00007112                TwoWire::peek()
 .text._ZN7TwoWire9availableEv
                0x0000712c       0x12 C:/Users/ROHITM~1/DOCUME~1/MATLAB/R2022b/ARDUIN~1/ARDUIN~2/FASTER~1\libcomm.a(Wire.o)
                0x0000712c                TwoWire::available()
 *fill*         0x0000713e        0x2 
 .text._ZN7TwoWireC2EP6SERCOMhh
                0x00007140       0x5c C:/Users/ROHITM~1/DOCUME~1/MATLAB/R2022b/ARDUIN~1/ARDUIN~2/FASTER~1\libcomm.a(Wire.o)
                0x00007140                TwoWire::TwoWire(SERCOM*, unsigned char, unsigned char)
                0x00007140                TwoWire::TwoWire(SERCOM*, unsigned char, unsigned char)
 .text._ZN7TwoWire5beginEv
                0x0000719c       0x40 C:/Users/ROHITM~1/DOCUME~1/MATLAB/R2022b/ARDUIN~1/ARDUIN~2/FASTER~1\libcomm.a(Wire.o)
                0x0000719c                TwoWire::begin()
 .text._ZN7TwoWire8setClockEm
                0x000071dc       0x1c C:/Users/ROHITM~1/DOCUME~1/MATLAB/R2022b/ARDUIN~1/ARDUIN~2/FASTER~1\libcomm.a(Wire.o)
                0x000071dc                TwoWire::setClock(unsigned long)
 .text._ZN7TwoWire17beginTransmissionEh
                0x000071f8       0x18 C:/Users/ROHITM~1/DOCUME~1/MATLAB/R2022b/ARDUIN~1/ARDUIN~2/FASTER~1\libcomm.a(Wire.o)
                0x000071f8                TwoWire::beginTransmission(unsigned char)
 .text._ZN11RingBufferNILi256EE10store_charEh
                0x00007210       0x1a C:/Users/ROHITM~1/DOCUME~1/MATLAB/R2022b/ARDUIN~1/ARDUIN~2/FASTER~1\libcomm.a(Wire.o)
                0x00007210                RingBufferN<256>::store_char(unsigned char)
 .text._ZN7TwoWire11requestFromEhjb
                0x0000722a       0x92 C:/Users/ROHITM~1/DOCUME~1/MATLAB/R2022b/ARDUIN~1/ARDUIN~2/FASTER~1\libcomm.a(Wire.o)
                0x0000722a                TwoWire::requestFrom(unsigned char, unsigned int, bool)
 .text._ZN7TwoWire11requestFromEhj
                0x000072bc        0xa C:/Users/ROHITM~1/DOCUME~1/MATLAB/R2022b/ARDUIN~1/ARDUIN~2/FASTER~1\libcomm.a(Wire.o)
                0x000072bc                TwoWire::requestFrom(unsigned char, unsigned int)
 .text._ZN7TwoWire5writeEh
                0x000072c6       0x2a C:/Users/ROHITM~1/DOCUME~1/MATLAB/R2022b/ARDUIN~1/ARDUIN~2/FASTER~1\libcomm.a(Wire.o)
                0x000072c6                TwoWire::write(unsigned char)
 .text._ZN11RingBufferNILi256EE9read_charEv
                0x000072f0       0x20 C:/Users/ROHITM~1/DOCUME~1/MATLAB/R2022b/ARDUIN~1/ARDUIN~2/FASTER~1\libcomm.a(Wire.o)
                0x000072f0                RingBufferN<256>::read_char()
 .text._ZN7TwoWire15endTransmissionEb
                0x00007310       0x72 C:/Users/ROHITM~1/DOCUME~1/MATLAB/R2022b/ARDUIN~1/ARDUIN~2/FASTER~1\libcomm.a(Wire.o)
                0x00007310                TwoWire::endTransmission(bool)
 .text._ZN7TwoWire15endTransmissionEv
                0x00007382        0xa C:/Users/ROHITM~1/DOCUME~1/MATLAB/R2022b/ARDUIN~1/ARDUIN~2/FASTER~1\libcomm.a(Wire.o)
                0x00007382                TwoWire::endTransmission()
 .text._ZN7TwoWire4readEv
                0x0000738c        0xa C:/Users/ROHITM~1/DOCUME~1/MATLAB/R2022b/ARDUIN~1/ARDUIN~2/FASTER~1\libcomm.a(Wire.o)
                0x0000738c                TwoWire::read()
 .text._ZN7TwoWire9onServiceEv
                0x00007396      0x11c C:/Users/ROHITM~1/DOCUME~1/MATLAB/R2022b/ARDUIN~1/ARDUIN~2/FASTER~1\libcomm.a(Wire.o)
                0x00007396                TwoWire::onService()
 *fill*         0x000074b2        0x2 
 .text.SERCOM4_Handler
                0x000074b4       0x10 C:/Users/ROHITM~1/DOCUME~1/MATLAB/R2022b/ARDUIN~1/ARDUIN~2/FASTER~1\libcomm.a(Wire.o)
                0x000074b4                SERCOM4_Handler
 .text.startup._GLOBAL__sub_I__ZN7TwoWireC2EP6SERCOMhh
                0x000074c4       0x18 C:/Users/ROHITM~1/DOCUME~1/MATLAB/R2022b/ARDUIN~1/ARDUIN~2/FASTER~1\libcomm.a(Wire.o)
 .text.SERCOM5_Handler
                0x000074dc       0x10 C:/Users/ROHITM~1/DOCUME~1/MATLAB/R2022b/ARDUIN~1/ARDUIN~2/FASTER~1\libcomm.a(variant.o)
                0x000074dc                SERCOM5_Handler
 .text.SERCOM3_Handler
                0x000074ec       0x10 C:/Users/ROHITM~1/DOCUME~1/MATLAB/R2022b/ARDUIN~1/ARDUIN~2/FASTER~1\libcomm.a(variant.o)
                0x000074ec                SERCOM3_Handler
 .text.SERCOM2_Handler
                0x000074fc       0x10 C:/Users/ROHITM~1/DOCUME~1/MATLAB/R2022b/ARDUIN~1/ARDUIN~2/FASTER~1\libcomm.a(variant.o)
                0x000074fc                SERCOM2_Handler
 .text.startup._GLOBAL__sub_I_g_APinDescription
                0x0000750c       0xbc C:/Users/ROHITM~1/DOCUME~1/MATLAB/R2022b/ARDUIN~1/ARDUIN~2/FASTER~1\libcomm.a(variant.o)
 .text.Dummy_Handler
                0x000075c8        0x2 C:/Users/ROHITM~1/DOCUME~1/MATLAB/R2022b/ARDUIN~1/ARDUIN~2/FASTER~1\libcore.a(cortex_handlers.o)
                0x000075c8                DMAC_Handler
                0x000075c8                HardFault_Handler
                0x000075c8                AC_Handler
                0x000075c8                PendSV_Handler
                0x000075c8                NMI_Handler
                0x000075c8                TC7_Handler
                0x000075c8                SERCOM1_Handler
                0x000075c8                ADC_Handler
                0x000075c8                TCC1_Handler
                0x000075c8                TCC0_Handler
                0x000075c8                EIC_Handler
                0x000075c8                TC6_Handler
                0x000075c8                WDT_Handler
                0x000075c8                TC4_Handler
                0x000075c8                TC3_Handler
                0x000075c8                Dummy_Handler
                0x000075c8                PM_Handler
                0x000075c8                TCC2_Handler
                0x000075c8                EVSYS_Handler
                0x000075c8                I2S_Handler
                0x000075c8                NVMCTRL_Handler
                0x000075c8                SERCOM0_Handler
                0x000075c8                DAC_Handler
                0x000075c8                PTC_Handler
                0x000075c8                SYSCTRL_Handler
 *fill*         0x000075ca        0x2 
 .text.USB_Handler
                0x000075cc       0x14 C:/Users/ROHITM~1/DOCUME~1/MATLAB/R2022b/ARDUIN~1/ARDUIN~2/FASTER~1\libcore.a(cortex_handlers.o)
                0x000075cc                USB_Handler
 .text.Reset_Handler
                0x000075e0       0x54 C:/Users/ROHITM~1/DOCUME~1/MATLAB/R2022b/ARDUIN~1/ARDUIN~2/FASTER~1\libcore.a(cortex_handlers.o)
                0x000075e0                Reset_Handler
 .text.SysTick_Handler
                0x00007634       0x10 C:/Users/ROHITM~1/DOCUME~1/MATLAB/R2022b/ARDUIN~1/ARDUIN~2/FASTER~1\libcore.a(cortex_handlers.o)
                0x00007634                SysTick_Handler
 .text.USB_SetHandler
                0x00007644        0xc C:/Users/ROHITM~1/DOCUME~1/MATLAB/R2022b/ARDUIN~1/ARDUIN~2/FASTER~1\libcore.a(cortex_handlers.o)
                0x00007644                USB_SetHandler
 .text.__empty  0x00007650        0x2 C:/Users/ROHITM~1/DOCUME~1/MATLAB/R2022b/ARDUIN~1/ARDUIN~2/FASTER~1\libcore.a(hooks.o)
                0x00007650                yield
 .text.__false  0x00007652        0x4 C:/Users/ROHITM~1/DOCUME~1/MATLAB/R2022b/ARDUIN~1/ARDUIN~2/FASTER~1\libcore.a(hooks.o)
                0x00007652                sysTickHook
 *fill*         0x00007656        0x2 
 .text.millis   0x00007658        0xc C:/Users/ROHITM~1/DOCUME~1/MATLAB/R2022b/ARDUIN~1/ARDUIN~2/FASTER~1\libcore.a(delay.o)
                0x00007658                millis
 .text.micros   0x00007664       0x64 C:/Users/ROHITM~1/DOCUME~1/MATLAB/R2022b/ARDUIN~1/ARDUIN~2/FASTER~1\libcore.a(delay.o)
                0x00007664                micros
 .text.delay    0x000076c8       0x34 C:/Users/ROHITM~1/DOCUME~1/MATLAB/R2022b/ARDUIN~1/ARDUIN~2/FASTER~1\libcore.a(delay.o)
                0x000076c8                delay
 .text.SysTick_DefaultHandler
                0x000076fc       0x14 C:/Users/ROHITM~1/DOCUME~1/MATLAB/R2022b/ARDUIN~1/ARDUIN~2/FASTER~1\libcore.a(delay.o)
                0x000076fc                SysTick_DefaultHandler
 .text.SystemInit
                0x00007710      0x198 C:/Users/ROHITM~1/DOCUME~1/MATLAB/R2022b/ARDUIN~1/ARDUIN~2/FASTER~1\libcore.a(startup.o)
                0x00007710                SystemInit
 .text.init     0x000078a8       0xf0 C:/Users/ROHITM~1/DOCUME~1/MATLAB/R2022b/ARDUIN~1/ARDUIN~2/FASTER~1\libcore.a(wiring.o)
                0x000078a8                init
 .text.mapResolution
                0x00007998       0x12 C:/Users/ROHITM~1/DOCUME~1/MATLAB/R2022b/ARDUIN~1/ARDUIN~2/FASTER~1\libcore.a(wiring_analog.o)
 *fill*         0x000079aa        0x2 
 .text.analogReference
                0x000079ac       0x5c C:/Users/ROHITM~1/DOCUME~1/MATLAB/R2022b/ARDUIN~1/ARDUIN~2/FASTER~1\libcore.a(wiring_analog.o)
                0x000079ac                analogReference
 .text.analogWrite
                0x00007a08      0x1e4 C:/Users/ROHITM~1/DOCUME~1/MATLAB/R2022b/ARDUIN~1/ARDUIN~2/FASTER~1\libcore.a(wiring_analog.o)
                0x00007a08                analogWrite
 .text.pinMode  0x00007bec       0xb4 C:/Users/ROHITM~1/DOCUME~1/MATLAB/R2022b/ARDUIN~1/ARDUIN~2/FASTER~1\libcore.a(wiring_digital.o)
                0x00007bec                pinMode
 .text.digitalWrite
                0x00007ca0       0x60 C:/Users/ROHITM~1/DOCUME~1/MATLAB/R2022b/ARDUIN~1/ARDUIN~2/FASTER~1\libcore.a(wiring_digital.o)
                0x00007ca0                digitalWrite
 .text.pinPeripheral
                0x00007d00       0xc4 C:/Users/ROHITM~1/DOCUME~1/MATLAB/R2022b/ARDUIN~1/ARDUIN~2/FASTER~1\libcore.a(wiring_private.o)
                0x00007d00                pinPeripheral
 .text._ZN5Print5writeEPKhj
                0x00007dc4       0x28 C:/Users/ROHITM~1/DOCUME~1/MATLAB/R2022b/ARDUIN~1/ARDUIN~2/FASTER~1\libcore.a(Print.o)
                0x00007dc4                Print::write(unsigned char const*, unsigned int)
 .text.initiateReset
                0x00007dec       0x14 C:/Users/ROHITM~1/DOCUME~1/MATLAB/R2022b/ARDUIN~1/ARDUIN~2/FASTER~1\libcore.a(Reset.o)
                0x00007dec                initiateReset
 .text.cancelReset
                0x00007e00       0x10 C:/Users/ROHITM~1/DOCUME~1/MATLAB/R2022b/ARDUIN~1/ARDUIN~2/FASTER~1\libcore.a(Reset.o)
                0x00007e00                cancelReset
 .text.tickReset
                0x00007e10       0x74 C:/Users/ROHITM~1/DOCUME~1/MATLAB/R2022b/ARDUIN~1/ARDUIN~2/FASTER~1\libcore.a(Reset.o)
                0x00007e10                tickReset
 .text._ZN6SERCOMC2EP6Sercom
                0x00007e84        0x4 C:/Users/ROHITM~1/DOCUME~1/MATLAB/R2022b/ARDUIN~1/ARDUIN~2/FASTER~1\libcore.a(SERCOM.o)
                0x00007e84                SERCOM::SERCOM(Sercom*)
                0x00007e84                SERCOM::SERCOM(Sercom*)
 .text._ZN6SERCOM9initFrameE18SercomUartCharSize15SercomDataOrder16SercomParityMode19SercomNumberStopBit
                0x00007e88       0x38 C:/Users/ROHITM~1/DOCUME~1/MATLAB/R2022b/ARDUIN~1/ARDUIN~2/FASTER~1\libcore.a(SERCOM.o)
                0x00007e88                SERCOM::initFrame(SercomUartCharSize, SercomDataOrder, SercomParityMode, SercomNumberStopBit)
 .text._ZN6SERCOM8initPadsE15SercomUartTXPad11SercomRXPad
                0x00007ec0       0x26 C:/Users/ROHITM~1/DOCUME~1/MATLAB/R2022b/ARDUIN~1/ARDUIN~2/FASTER~1\libcore.a(SERCOM.o)
                0x00007ec0                SERCOM::initPads(SercomUartTXPad, SercomRXPad)
 .text._ZN6SERCOM9resetUARTEv
                0x00007ee6       0x1c C:/Users/ROHITM~1/DOCUME~1/MATLAB/R2022b/ARDUIN~1/ARDUIN~2/FASTER~1\libcore.a(SERCOM.o)
                0x00007ee6                SERCOM::resetUART()
 .text._ZN6SERCOM10enableUARTEv
                0x00007f02       0x14 C:/Users/ROHITM~1/DOCUME~1/MATLAB/R2022b/ARDUIN~1/ARDUIN~2/FASTER~1\libcore.a(SERCOM.o)
                0x00007f02                SERCOM::enableUART()
 .text._ZN6SERCOM9flushUARTEv
                0x00007f16       0x10 C:/Users/ROHITM~1/DOCUME~1/MATLAB/R2022b/ARDUIN~1/ARDUIN~2/FASTER~1\libcore.a(SERCOM.o)
                0x00007f16                SERCOM::flushUART()
 .text._ZN6SERCOM15clearStatusUARTEv
                0x00007f26        0x8 C:/Users/ROHITM~1/DOCUME~1/MATLAB/R2022b/ARDUIN~1/ARDUIN~2/FASTER~1\libcore.a(SERCOM.o)
                0x00007f26                SERCOM::clearStatusUART()
 .text._ZN6SERCOM17availableDataUARTEv
                0x00007f2e        0xa C:/Users/ROHITM~1/DOCUME~1/MATLAB/R2022b/ARDUIN~1/ARDUIN~2/FASTER~1\libcore.a(SERCOM.o)
                0x00007f2e                SERCOM::availableDataUART()
 .text._ZN6SERCOM11isUARTErrorEv
                0x00007f38        0x8 C:/Users/ROHITM~1/DOCUME~1/MATLAB/R2022b/ARDUIN~1/ARDUIN~2/FASTER~1\libcore.a(SERCOM.o)
                0x00007f38                SERCOM::isUARTError()
 .text._ZN6SERCOM20acknowledgeUARTErrorEv
                0x00007f40        0xe C:/Users/ROHITM~1/DOCUME~1/MATLAB/R2022b/ARDUIN~1/ARDUIN~2/FASTER~1\libcore.a(SERCOM.o)
                0x00007f40                SERCOM::acknowledgeUARTError()
 .text._ZN6SERCOM16isFrameErrorUARTEv
                0x00007f4e        0xa C:/Users/ROHITM~1/DOCUME~1/MATLAB/R2022b/ARDUIN~1/ARDUIN~2/FASTER~1\libcore.a(SERCOM.o)
                0x00007f4e                SERCOM::isFrameErrorUART()
 .text._ZN6SERCOM19clearFrameErrorUARTEv
                0x00007f58        0xc C:/Users/ROHITM~1/DOCUME~1/MATLAB/R2022b/ARDUIN~1/ARDUIN~2/FASTER~1\libcore.a(SERCOM.o)
                0x00007f58                SERCOM::clearFrameErrorUART()
 .text._ZN6SERCOM23isDataRegisterEmptyUARTEv
                0x00007f64        0xa C:/Users/ROHITM~1/DOCUME~1/MATLAB/R2022b/ARDUIN~1/ARDUIN~2/FASTER~1\libcore.a(SERCOM.o)
                0x00007f64                SERCOM::isDataRegisterEmptyUART()
 .text._ZN6SERCOM12readDataUARTEv
                0x00007f6e        0x8 C:/Users/ROHITM~1/DOCUME~1/MATLAB/R2022b/ARDUIN~1/ARDUIN~2/FASTER~1\libcore.a(SERCOM.o)
                0x00007f6e                SERCOM::readDataUART()
 .text._ZN6SERCOM13writeDataUARTEh
                0x00007f76        0xe C:/Users/ROHITM~1/DOCUME~1/MATLAB/R2022b/ARDUIN~1/ARDUIN~2/FASTER~1\libcore.a(SERCOM.o)
                0x00007f76                SERCOM::writeDataUART(unsigned char)
 .text._ZN6SERCOM36enableDataRegisterEmptyInterruptUARTEv
                0x00007f84        0x8 C:/Users/ROHITM~1/DOCUME~1/MATLAB/R2022b/ARDUIN~1/ARDUIN~2/FASTER~1\libcore.a(SERCOM.o)
                0x00007f84                SERCOM::enableDataRegisterEmptyInterruptUART()
 .text._ZN6SERCOM37disableDataRegisterEmptyInterruptUARTEv
                0x00007f8c        0x8 C:/Users/ROHITM~1/DOCUME~1/MATLAB/R2022b/ARDUIN~1/ARDUIN~2/FASTER~1\libcore.a(SERCOM.o)
                0x00007f8c                SERCOM::disableDataRegisterEmptyInterruptUART()
 .text._ZN6SERCOM9resetWIREEv
                0x00007f94       0x1c C:/Users/ROHITM~1/DOCUME~1/MATLAB/R2022b/ARDUIN~1/ARDUIN~2/FASTER~1\libcore.a(SERCOM.o)
                0x00007f94                SERCOM::resetWIRE()
 .text._ZN6SERCOM10enableWIREEv
                0x00007fb0       0x28 C:/Users/ROHITM~1/DOCUME~1/MATLAB/R2022b/ARDUIN~1/ARDUIN~2/FASTER~1\libcore.a(SERCOM.o)
                0x00007fb0                SERCOM::enableWIRE()
 .text._ZN6SERCOM11disableWIREEv
                0x00007fd8       0x14 C:/Users/ROHITM~1/DOCUME~1/MATLAB/R2022b/ARDUIN~1/ARDUIN~2/FASTER~1\libcore.a(SERCOM.o)
                0x00007fd8                SERCOM::disableWIRE()
 .text._ZN6SERCOM18prepareNackBitWIREEv
                0x00007fec       0x10 C:/Users/ROHITM~1/DOCUME~1/MATLAB/R2022b/ARDUIN~1/ARDUIN~2/FASTER~1\libcore.a(SERCOM.o)
                0x00007fec                SERCOM::prepareNackBitWIRE()
 .text._ZN6SERCOM17prepareAckBitWIREEv
                0x00007ffc       0x14 C:/Users/ROHITM~1/DOCUME~1/MATLAB/R2022b/ARDUIN~1/ARDUIN~2/FASTER~1\libcore.a(SERCOM.o)
                0x00007ffc                SERCOM::prepareAckBitWIRE()
 .text._ZN6SERCOM22prepareCommandBitsWireEh
                0x00008010       0x2c C:/Users/ROHITM~1/DOCUME~1/MATLAB/R2022b/ARDUIN~1/ARDUIN~2/FASTER~1\libcore.a(SERCOM.o)
                0x00008010                SERCOM::prepareCommandBitsWire(unsigned char)
 .text._ZN6SERCOM21startTransmissionWIREEh23SercomWireReadWriteFlag
                0x0000803c       0x8c C:/Users/ROHITM~1/DOCUME~1/MATLAB/R2022b/ARDUIN~1/ARDUIN~2/FASTER~1\libcore.a(SERCOM.o)
                0x0000803c                SERCOM::startTransmissionWIRE(unsigned char, SercomWireReadWriteFlag)
 .text._ZN6SERCOM18sendDataMasterWIREEh
                0x000080c8       0x22 C:/Users/ROHITM~1/DOCUME~1/MATLAB/R2022b/ARDUIN~1/ARDUIN~2/FASTER~1\libcore.a(SERCOM.o)
                0x000080c8                SERCOM::sendDataMasterWIRE(unsigned char)
 .text._ZN6SERCOM17sendDataSlaveWIREEh
                0x000080ea       0x1a C:/Users/ROHITM~1/DOCUME~1/MATLAB/R2022b/ARDUIN~1/ARDUIN~2/FASTER~1\libcore.a(SERCOM.o)
                0x000080ea                SERCOM::sendDataSlaveWIRE(unsigned char)
 .text._ZN6SERCOM11isSlaveWIREEv
                0x00008104       0x12 C:/Users/ROHITM~1/DOCUME~1/MATLAB/R2022b/ARDUIN~1/ARDUIN~2/FASTER~1\libcore.a(SERCOM.o)
                0x00008104                SERCOM::isSlaveWIRE()
 .text._ZN6SERCOM14isBusOwnerWIREEv
                0x00008116       0x12 C:/Users/ROHITM~1/DOCUME~1/MATLAB/R2022b/ARDUIN~1/ARDUIN~2/FASTER~1\libcore.a(SERCOM.o)
                0x00008116                SERCOM::isBusOwnerWIRE()
 .text._ZN6SERCOM15isDataReadyWIREEv
                0x00008128        0xa C:/Users/ROHITM~1/DOCUME~1/MATLAB/R2022b/ARDUIN~1/ARDUIN~2/FASTER~1\libcore.a(SERCOM.o)
                0x00008128                SERCOM::isDataReadyWIRE()
 .text._ZN6SERCOM18isStopDetectedWIREEv
                0x00008132        0xa C:/Users/ROHITM~1/DOCUME~1/MATLAB/R2022b/ARDUIN~1/ARDUIN~2/FASTER~1\libcore.a(SERCOM.o)
                0x00008132                SERCOM::isStopDetectedWIRE()
 .text._ZN6SERCOM21isRestartDetectedWIREEv
                0x0000813c        0xa C:/Users/ROHITM~1/DOCUME~1/MATLAB/R2022b/ARDUIN~1/ARDUIN~2/FASTER~1\libcore.a(SERCOM.o)
                0x0000813c                SERCOM::isRestartDetectedWIRE()
 .text._ZN6SERCOM14isAddressMatchEv
                0x00008146        0xa C:/Users/ROHITM~1/DOCUME~1/MATLAB/R2022b/ARDUIN~1/ARDUIN~2/FASTER~1\libcore.a(SERCOM.o)
                0x00008146                SERCOM::isAddressMatch()
 .text._ZN6SERCOM25isMasterReadOperationWIREEv
                0x00008150        0xa C:/Users/ROHITM~1/DOCUME~1/MATLAB/R2022b/ARDUIN~1/ARDUIN~2/FASTER~1\libcore.a(SERCOM.o)
                0x00008150                SERCOM::isMasterReadOperationWIRE()
 .text._ZN6SERCOM12readDataWIREEv
                0x0000815a       0x22 C:/Users/ROHITM~1/DOCUME~1/MATLAB/R2022b/ARDUIN~1/ARDUIN~2/FASTER~1\libcore.a(SERCOM.o)
                0x0000815a                SERCOM::readDataWIRE()
 .text._ZN6SERCOM13initClockNVICEv
                0x0000817c       0xac C:/Users/ROHITM~1/DOCUME~1/MATLAB/R2022b/ARDUIN~1/ARDUIN~2/FASTER~1\libcore.a(SERCOM.o)
                0x0000817c                SERCOM::initClockNVIC()
 .text._ZN6SERCOM8initUARTE14SercomUartMode20SercomUartSampleRatem
                0x00008228       0x6c C:/Users/ROHITM~1/DOCUME~1/MATLAB/R2022b/ARDUIN~1/ARDUIN~2/FASTER~1\libcore.a(SERCOM.o)
                0x00008228                SERCOM::initUART(SercomUartMode, SercomUartSampleRate, unsigned long)
 .text._ZN6SERCOM14initMasterWIREEm
                0x00008294       0x54 C:/Users/ROHITM~1/DOCUME~1/MATLAB/R2022b/ARDUIN~1/ARDUIN~2/FASTER~1\libcore.a(SERCOM.o)
                0x00008294                SERCOM::initMasterWIRE(unsigned long)
 .text._ZN4UartcvbEv
                0x000082e8        0x4 C:/Users/ROHITM~1/DOCUME~1/MATLAB/R2022b/ARDUIN~1/ARDUIN~2/FASTER~1\libcore.a(Uart.o)
                0x000082e8                Uart::operator bool()
 .text._ZN4Uart5beginEm
                0x000082ec       0x10 C:/Users/ROHITM~1/DOCUME~1/MATLAB/R2022b/ARDUIN~1/ARDUIN~2/FASTER~1\libcore.a(Uart.o)
                0x000082ec                Uart::begin(unsigned long)
 .text._ZN4Uart4peekEv
                0x000082fc       0x1a C:/Users/ROHITM~1/DOCUME~1/MATLAB/R2022b/ARDUIN~1/ARDUIN~2/FASTER~1\libcore.a(Uart.o)
                0x000082fc                Uart::peek()
 .text._ZN4Uart3endEv
                0x00008316       0x20 C:/Users/ROHITM~1/DOCUME~1/MATLAB/R2022b/ARDUIN~1/ARDUIN~2/FASTER~1\libcore.a(Uart.o)
                0x00008316                Uart::end()
 *fill*         0x00008336        0x2 
 .text._ZN4UartC2EP6SERCOMhh11SercomRXPad15SercomUartTXPadhh
                0x00008338       0xa4 C:/Users/ROHITM~1/DOCUME~1/MATLAB/R2022b/ARDUIN~1/ARDUIN~2/FASTER~1\libcore.a(Uart.o)
                0x00008338                Uart::Uart(SERCOM*, unsigned char, unsigned char, SercomRXPad, SercomUartTXPad, unsigned char, unsigned char)
                0x00008338                Uart::Uart(SERCOM*, unsigned char, unsigned char, SercomRXPad, SercomUartTXPad, unsigned char, unsigned char)
 .text._ZN4UartC2EP6SERCOMhh11SercomRXPad15SercomUartTXPad
                0x000083dc       0x24 C:/Users/ROHITM~1/DOCUME~1/MATLAB/R2022b/ARDUIN~1/ARDUIN~2/FASTER~1\libcore.a(Uart.o)
                0x000083dc                Uart::Uart(SERCOM*, unsigned char, unsigned char, SercomRXPad, SercomUartTXPad)
                0x000083dc                Uart::Uart(SERCOM*, unsigned char, unsigned char, SercomRXPad, SercomUartTXPad)
 .text._ZN4Uart16extractNbStopBitEt
                0x00008400        0xe C:/Users/ROHITM~1/DOCUME~1/MATLAB/R2022b/ARDUIN~1/ARDUIN~2/FASTER~1\libcore.a(Uart.o)
                0x00008400                Uart::extractNbStopBit(unsigned short)
 .text._ZN4Uart15extractCharSizeEt
                0x0000840e       0x2c C:/Users/ROHITM~1/DOCUME~1/MATLAB/R2022b/ARDUIN~1/ARDUIN~2/FASTER~1\libcore.a(Uart.o)
                0x0000840e                Uart::extractCharSize(unsigned short)
 .text._ZN4Uart13extractParityEt
                0x0000843a       0x18 C:/Users/ROHITM~1/DOCUME~1/MATLAB/R2022b/ARDUIN~1/ARDUIN~2/FASTER~1\libcore.a(Uart.o)
                0x0000843a                Uart::extractParity(unsigned short)
 *fill*         0x00008452        0x2 
 .text._ZN4Uart5beginEmt
                0x00008454       0xf8 C:/Users/ROHITM~1/DOCUME~1/MATLAB/R2022b/ARDUIN~1/ARDUIN~2/FASTER~1\libcore.a(Uart.o)
                0x00008454                Uart::begin(unsigned long, unsigned short)
 .text._ZN11RingBufferNILi256EE9availableEv
                0x0000854c       0x12 C:/Users/ROHITM~1/DOCUME~1/MATLAB/R2022b/ARDUIN~1/ARDUIN~2/FASTER~1\libcore.a(Uart.o)
                0x0000854c                RingBufferN<256>::available()
 .text._ZN4Uart5flushEv
                0x0000855e       0x1a C:/Users/ROHITM~1/DOCUME~1/MATLAB/R2022b/ARDUIN~1/ARDUIN~2/FASTER~1\libcore.a(Uart.o)
                0x0000855e                Uart::flush()
 .text._ZN4Uart9availableEv
                0x00008578        0xa C:/Users/ROHITM~1/DOCUME~1/MATLAB/R2022b/ARDUIN~1/ARDUIN~2/FASTER~1\libcore.a(Uart.o)
                0x00008578                Uart::available()
 .text._ZN11RingBufferNILi256EE17availableForStoreEv
                0x00008582       0x1e C:/Users/ROHITM~1/DOCUME~1/MATLAB/R2022b/ARDUIN~1/ARDUIN~2/FASTER~1\libcore.a(Uart.o)
                0x00008582                RingBufferN<256>::availableForStore()
 .text._ZN4Uart17availableForWriteEv
                0x000085a0        0xc C:/Users/ROHITM~1/DOCUME~1/MATLAB/R2022b/ARDUIN~1/ARDUIN~2/FASTER~1\libcore.a(Uart.o)
                0x000085a0                Uart::availableForWrite()
 .text._ZN4Uart10IrqHandlerEv
                0x000085ac       0xc8 C:/Users/ROHITM~1/DOCUME~1/MATLAB/R2022b/ARDUIN~1/ARDUIN~2/FASTER~1\libcore.a(Uart.o)
                0x000085ac                Uart::IrqHandler()
 .text._ZN4Uart5writeEh
                0x00008674       0xb4 C:/Users/ROHITM~1/DOCUME~1/MATLAB/R2022b/ARDUIN~1/ARDUIN~2/FASTER~1\libcore.a(Uart.o)
                0x00008674                Uart::write(unsigned char)
 .text._ZN4Uart4readEv
                0x00008728       0x4c C:/Users/ROHITM~1/DOCUME~1/MATLAB/R2022b/ARDUIN~1/ARDUIN~2/FASTER~1\libcore.a(Uart.o)
                0x00008728                Uart::read()
 .text._ZN7Serial_13getDescriptorER8USBSetup
                0x00008774        0x4 C:/Users/ROHITM~1/DOCUME~1/MATLAB/R2022b/ARDUIN~1/ARDUIN~2/FASTER~1\libcore.a(CDC.o)
                0x00008774                Serial_::getDescriptor(USBSetup&)
 .text._ZThn16_N7Serial_13getDescriptorER8USBSetup
                0x00008778       0x10 C:/Users/ROHITM~1/DOCUME~1/MATLAB/R2022b/ARDUIN~1/ARDUIN~2/FASTER~1\libcore.a(CDC.o)
                0x00008778                non-virtual thunk to Serial_::getDescriptor(USBSetup&)
 .text._ZL5utox8mPc
                0x00008788       0x1c C:/Users/ROHITM~1/DOCUME~1/MATLAB/R2022b/ARDUIN~1/ARDUIN~2/FASTER~1\libcore.a(CDC.o)
 .text._ZN7Serial_12getShortNameEPc
                0x000087a4       0x44 C:/Users/ROHITM~1/DOCUME~1/MATLAB/R2022b/ARDUIN~1/ARDUIN~2/FASTER~1\libcore.a(CDC.o)
                0x000087a4                Serial_::getShortName(char*)
 .text._ZThn16_N7Serial_12getShortNameEPc
                0x000087e8       0x10 C:/Users/ROHITM~1/DOCUME~1/MATLAB/R2022b/ARDUIN~1/ARDUIN~2/FASTER~1\libcore.a(CDC.o)
                0x000087e8                non-virtual thunk to Serial_::getShortName(char*)
 .text._ZN7Serial_14handleEndpointEi
                0x000087f8        0x2 C:/Users/ROHITM~1/DOCUME~1/MATLAB/R2022b/ARDUIN~1/ARDUIN~2/FASTER~1\libcore.a(CDC.o)
                0x000087f8                Serial_::handleEndpoint(int)
 *fill*         0x000087fa        0x2 
 .text._ZThn16_N7Serial_14handleEndpointEi
                0x000087fc       0x10 C:/Users/ROHITM~1/DOCUME~1/MATLAB/R2022b/ARDUIN~1/ARDUIN~2/FASTER~1\libcore.a(CDC.o)
                0x000087fc                non-virtual thunk to Serial_::handleEndpoint(int)
 .text._ZN7Serial_17availableForWriteEv
                0x0000880c        0x4 C:/Users/ROHITM~1/DOCUME~1/MATLAB/R2022b/ARDUIN~1/ARDUIN~2/FASTER~1\libcore.a(CDC.o)
                0x0000880c                Serial_::availableForWrite()
 .text._ZN7Serial_5writeEh
                0x00008810       0x14 C:/Users/ROHITM~1/DOCUME~1/MATLAB/R2022b/ARDUIN~1/ARDUIN~2/FASTER~1\libcore.a(CDC.o)
                0x00008810                Serial_::write(unsigned char)
 .text._ZN7Serial_12getInterfaceEPh
                0x00008824      0x104 C:/Users/ROHITM~1/DOCUME~1/MATLAB/R2022b/ARDUIN~1/ARDUIN~2/FASTER~1\libcore.a(CDC.o)
                0x00008824                Serial_::getInterface(unsigned char*)
 .text._ZThn16_N7Serial_12getInterfaceEPh
                0x00008928       0x10 C:/Users/ROHITM~1/DOCUME~1/MATLAB/R2022b/ARDUIN~1/ARDUIN~2/FASTER~1\libcore.a(CDC.o)
                0x00008928                non-virtual thunk to Serial_::getInterface(unsigned char*)
 .text._ZN7Serial_5setupER8USBSetup
                0x00008938       0x98 C:/Users/ROHITM~1/DOCUME~1/MATLAB/R2022b/ARDUIN~1/ARDUIN~2/FASTER~1\libcore.a(CDC.o)
                0x00008938                Serial_::setup(USBSetup&)
 .text._ZThn16_N7Serial_5setupER8USBSetup
                0x000089d0       0x10 C:/Users/ROHITM~1/DOCUME~1/MATLAB/R2022b/ARDUIN~1/ARDUIN~2/FASTER~1\libcore.a(CDC.o)
                0x000089d0                non-virtual thunk to Serial_::setup(USBSetup&)
 .text._ZN7Serial_9availableEv
                0x000089e0       0x20 C:/Users/ROHITM~1/DOCUME~1/MATLAB/R2022b/ARDUIN~1/ARDUIN~2/FASTER~1\libcore.a(CDC.o)
                0x000089e0                Serial_::available()
 .text._ZN7Serial_5flushEv
                0x00008a00       0x10 C:/Users/ROHITM~1/DOCUME~1/MATLAB/R2022b/ARDUIN~1/ARDUIN~2/FASTER~1\libcore.a(CDC.o)
                0x00008a00                Serial_::flush()
 .text._ZN7Serial_5clearEv
                0x00008a10       0x10 C:/Users/ROHITM~1/DOCUME~1/MATLAB/R2022b/ARDUIN~1/ARDUIN~2/FASTER~1\libcore.a(CDC.o)
                0x00008a10                Serial_::clear()
 .text._ZN7Serial_5writeEPKhj
                0x00008a20       0x1e C:/Users/ROHITM~1/DOCUME~1/MATLAB/R2022b/ARDUIN~1/ARDUIN~2/FASTER~1\libcore.a(CDC.o)
                0x00008a20                Serial_::write(unsigned char const*, unsigned int)
 *fill*         0x00008a3e        0x2 
 .text._ZN7Serial_4peekEv
                0x00008a40       0x1c C:/Users/ROHITM~1/DOCUME~1/MATLAB/R2022b/ARDUIN~1/ARDUIN~2/FASTER~1\libcore.a(CDC.o)
                0x00008a40                Serial_::peek()
 .text._ZN7Serial_4readEv
                0x00008a5c       0x24 C:/Users/ROHITM~1/DOCUME~1/MATLAB/R2022b/ARDUIN~1/ARDUIN~2/FASTER~1\libcore.a(CDC.o)
                0x00008a5c                Serial_::read()
 .text._ZN7Serial_C2ER14USBDeviceClass
                0x00008a80       0x4c C:/Users/ROHITM~1/DOCUME~1/MATLAB/R2022b/ARDUIN~1/ARDUIN~2/FASTER~1\libcore.a(CDC.o)
                0x00008a80                Serial_::Serial_(USBDeviceClass&)
                0x00008a80                Serial_::Serial_(USBDeviceClass&)
 .text._ZN7Serial_15enableInterruptEv
                0x00008acc       0x30 C:/Users/ROHITM~1/DOCUME~1/MATLAB/R2022b/ARDUIN~1/ARDUIN~2/FASTER~1\libcore.a(CDC.o)
                0x00008acc                Serial_::enableInterrupt()
 .text._ZN7Serial_5beginEm
                0x00008afc        0x2 C:/Users/ROHITM~1/DOCUME~1/MATLAB/R2022b/ARDUIN~1/ARDUIN~2/FASTER~1\libcore.a(CDC.o)
                0x00008afc                Serial_::begin(unsigned long)
 .text._ZN7Serial_5beginEmh
                0x00008afe        0x2 C:/Users/ROHITM~1/DOCUME~1/MATLAB/R2022b/ARDUIN~1/ARDUIN~2/FASTER~1\libcore.a(CDC.o)
                0x00008afe                Serial_::begin(unsigned long, unsigned char)
 .text.startup._GLOBAL__sub_I__ZN7Serial_12getInterfaceEPh
                0x00008b00       0x14 C:/Users/ROHITM~1/DOCUME~1/MATLAB/R2022b/ARDUIN~1/ARDUIN~2/FASTER~1\libcore.a(CDC.o)
 .text._ZN13PluggableUSB_12getInterfaceEPh
                0x00008b14       0x2a C:/Users/ROHITM~1/DOCUME~1/MATLAB/R2022b/ARDUIN~1/ARDUIN~2/FASTER~1\libcore.a(PluggableUSB.o)
                0x00008b14                PluggableUSB_::getInterface(unsigned char*)
 .text._ZN13PluggableUSB_13getDescriptorER8USBSetup
                0x00008b3e       0x20 C:/Users/ROHITM~1/DOCUME~1/MATLAB/R2022b/ARDUIN~1/ARDUIN~2/FASTER~1\libcore.a(PluggableUSB.o)
                0x00008b3e                PluggableUSB_::getDescriptor(USBSetup&)
 .text._ZN13PluggableUSB_12getShortNameEPc
                0x00008b5e       0x26 C:/Users/ROHITM~1/DOCUME~1/MATLAB/R2022b/ARDUIN~1/ARDUIN~2/FASTER~1\libcore.a(PluggableUSB.o)
                0x00008b5e                PluggableUSB_::getShortName(char*)
 .text._ZN13PluggableUSB_5setupER8USBSetup
                0x00008b84       0x24 C:/Users/ROHITM~1/DOCUME~1/MATLAB/R2022b/ARDUIN~1/ARDUIN~2/FASTER~1\libcore.a(PluggableUSB.o)
                0x00008b84                PluggableUSB_::setup(USBSetup&)
 .text._ZN13PluggableUSB_14handleEndpointEi
                0x00008ba8       0x1a C:/Users/ROHITM~1/DOCUME~1/MATLAB/R2022b/ARDUIN~1/ARDUIN~2/FASTER~1\libcore.a(PluggableUSB.o)
                0x00008ba8                PluggableUSB_::handleEndpoint(int)
 *fill*         0x00008bc2        0x2 
 .text._ZN13PluggableUSB_4plugEP18PluggableUSBModule
                0x00008bc4       0x60 C:/Users/ROHITM~1/DOCUME~1/MATLAB/R2022b/ARDUIN~1/ARDUIN~2/FASTER~1\libcore.a(PluggableUSB.o)
                0x00008bc4                PluggableUSB_::plug(PluggableUSBModule*)
 .text._Z12PluggableUSBv
                0x00008c24       0x20 C:/Users/ROHITM~1/DOCUME~1/MATLAB/R2022b/ARDUIN~1/ARDUIN~2/FASTER~1\libcore.a(PluggableUSB.o)
                0x00008c24                PluggableUSB()
 .text._ZN26DoubleBufferedEPOutHandlerD2Ev
                0x00008c44        0xc C:/Users/ROHITM~1/DOCUME~1/MATLAB/R2022b/ARDUIN~1/ARDUIN~2/FASTER~1\libcore.a(USBCore.o)
                0x00008c44                DoubleBufferedEPOutHandler::~DoubleBufferedEPOutHandler()
                0x00008c44                DoubleBufferedEPOutHandler::~DoubleBufferedEPOutHandler()
 .text._ZN26DoubleBufferedEPOutHandlerD0Ev
                0x00008c50       0x14 C:/Users/ROHITM~1/DOCUME~1/MATLAB/R2022b/ARDUIN~1/ARDUIN~2/FASTER~1\libcore.a(USBCore.o)
                0x00008c50                DoubleBufferedEPOutHandler::~DoubleBufferedEPOutHandler()
 .text._ZN14USBDeviceClass6initEPEmm.part.7
                0x00008c64       0xbc C:/Users/ROHITM~1/DOCUME~1/MATLAB/R2022b/ARDUIN~1/ARDUIN~2/FASTER~1\libcore.a(USBCore.o)
 .text._ZN7__GuardC2Ev
                0x00008d20        0xe C:/Users/ROHITM~1/DOCUME~1/MATLAB/R2022b/ARDUIN~1/ARDUIN~2/FASTER~1\libcore.a(USBCore.o)
                0x00008d20                __Guard::__Guard()
                0x00008d20                __Guard::__Guard()
 .text._ZN7__GuardD2Ev
                0x00008d2e        0xe C:/Users/ROHITM~1/DOCUME~1/MATLAB/R2022b/ARDUIN~1/ARDUIN~2/FASTER~1\libcore.a(USBCore.o)
                0x00008d2e                __Guard::~__Guard()
                0x00008d2e                __Guard::~__Guard()
 .text._ZNK26DoubleBufferedEPOutHandler10_availableEv
                0x00008d3c       0x72 C:/Users/ROHITM~1/DOCUME~1/MATLAB/R2022b/ARDUIN~1/ARDUIN~2/FASTER~1\libcore.a(USBCore.o)
                0x00008d3c                DoubleBufferedEPOutHandler::_available() const
 *fill*         0x00008dae        0x2 
 .text._ZN26DoubleBufferedEPOutHandler7releaseEv
                0x00008db0       0x38 C:/Users/ROHITM~1/DOCUME~1/MATLAB/R2022b/ARDUIN~1/ARDUIN~2/FASTER~1\libcore.a(USBCore.o)
                0x00008db0                DoubleBufferedEPOutHandler::release()
 .text._ZN26DoubleBufferedEPOutHandler14handleEndpointEv
                0x00008de8       0xe4 C:/Users/ROHITM~1/DOCUME~1/MATLAB/R2022b/ARDUIN~1/ARDUIN~2/FASTER~1\libcore.a(USBCore.o)
                0x00008de8                DoubleBufferedEPOutHandler::handleEndpoint()
 .text._ZN26DoubleBufferedEPOutHandler5_recvEv
                0x00008ecc      0x18e C:/Users/ROHITM~1/DOCUME~1/MATLAB/R2022b/ARDUIN~1/ARDUIN~2/FASTER~1\libcore.a(USBCore.o)
                0x00008ecc                DoubleBufferedEPOutHandler::_recv()
 .text._ZN26DoubleBufferedEPOutHandler9availableEv
                0x0000905a       0x18 C:/Users/ROHITM~1/DOCUME~1/MATLAB/R2022b/ARDUIN~1/ARDUIN~2/FASTER~1\libcore.a(USBCore.o)
                0x0000905a                DoubleBufferedEPOutHandler::available()
 .text._ZN26DoubleBufferedEPOutHandler4peekEv
                0x00009072       0x22 C:/Users/ROHITM~1/DOCUME~1/MATLAB/R2022b/ARDUIN~1/ARDUIN~2/FASTER~1\libcore.a(USBCore.o)
                0x00009072                DoubleBufferedEPOutHandler::peek()
 .text._ZN26DoubleBufferedEPOutHandler4recvEPvm
                0x00009094       0x66 C:/Users/ROHITM~1/DOCUME~1/MATLAB/R2022b/ARDUIN~1/ARDUIN~2/FASTER~1\libcore.a(USBCore.o)
                0x00009094                DoubleBufferedEPOutHandler::recv(void*, unsigned long)
 .text._ZN14USBDeviceClass14SendInterfacesEPm
                0x000090fa       0x20 C:/Users/ROHITM~1/DOCUME~1/MATLAB/R2022b/ARDUIN~1/ARDUIN~2/FASTER~1\libcore.a(USBCore.o)
                0x000090fa                USBDeviceClass::SendInterfaces(unsigned long*)
 *fill*         0x0000911a        0x2 
 .text._ZN14USBDeviceClass4initEv
                0x0000911c      0x144 C:/Users/ROHITM~1/DOCUME~1/MATLAB/R2022b/ARDUIN~1/ARDUIN~2/FASTER~1\libcore.a(USBCore.o)
                0x0000911c                USBDeviceClass::init()
 .text._ZN14USBDeviceClass6attachEv
                0x00009260       0x34 C:/Users/ROHITM~1/DOCUME~1/MATLAB/R2022b/ARDUIN~1/ARDUIN~2/FASTER~1\libcore.a(USBCore.o)
                0x00009260                USBDeviceClass::attach()
 .text._ZN14USBDeviceClass10setAddressEm
                0x00009294       0x48 C:/Users/ROHITM~1/DOCUME~1/MATLAB/R2022b/ARDUIN~1/ARDUIN~2/FASTER~1\libcore.a(USBCore.o)
                0x00009294                USBDeviceClass::setAddress(unsigned long)
 .text._ZN14USBDeviceClass25handleClassInterfaceSetupER8USBSetup
                0x000092dc       0x24 C:/Users/ROHITM~1/DOCUME~1/MATLAB/R2022b/ARDUIN~1/ARDUIN~2/FASTER~1\libcore.a(USBCore.o)
                0x000092dc                USBDeviceClass::handleClassInterfaceSetup(USBSetup&)
 .text._ZN14USBDeviceClass6initEPEmm
                0x00009300      0x124 C:/Users/ROHITM~1/DOCUME~1/MATLAB/R2022b/ARDUIN~1/ARDUIN~2/FASTER~1\libcore.a(USBCore.o)
                0x00009300                USBDeviceClass::initEP(unsigned long, unsigned long)
 .text._ZN14USBDeviceClass13initEndpointsEv
                0x00009424       0x24 C:/Users/ROHITM~1/DOCUME~1/MATLAB/R2022b/ARDUIN~1/ARDUIN~2/FASTER~1\libcore.a(USBCore.o)
                0x00009424                USBDeviceClass::initEndpoints()
 .text._ZN14USBDeviceClass5clearEm
                0x00009448       0x38 C:/Users/ROHITM~1/DOCUME~1/MATLAB/R2022b/ARDUIN~1/ARDUIN~2/FASTER~1\libcore.a(USBCore.o)
                0x00009448                USBDeviceClass::clear(unsigned long)
 .text._ZN14USBDeviceClass9availableEm
                0x00009480       0x2c C:/Users/ROHITM~1/DOCUME~1/MATLAB/R2022b/ARDUIN~1/ARDUIN~2/FASTER~1\libcore.a(USBCore.o)
                0x00009480                USBDeviceClass::available(unsigned long)
 .text._ZN14USBDeviceClass5flushEm
                0x000094ac       0x2c C:/Users/ROHITM~1/DOCUME~1/MATLAB/R2022b/ARDUIN~1/ARDUIN~2/FASTER~1\libcore.a(USBCore.o)
                0x000094ac                USBDeviceClass::flush(unsigned long)
 .text._ZN14USBDeviceClass4recvEmPvm
                0x000094d8       0xc4 C:/Users/ROHITM~1/DOCUME~1/MATLAB/R2022b/ARDUIN~1/ARDUIN~2/FASTER~1\libcore.a(USBCore.o)
                0x000094d8                USBDeviceClass::recv(unsigned long, void*, unsigned long)
 .text._ZN14USBDeviceClass4recvEm
                0x0000959c       0x1c C:/Users/ROHITM~1/DOCUME~1/MATLAB/R2022b/ARDUIN~1/ARDUIN~2/FASTER~1\libcore.a(USBCore.o)
                0x0000959c                USBDeviceClass::recv(unsigned long)
 .text._ZN14USBDeviceClass14armRecvCtrlOUTEm
                0x000095b8       0x60 C:/Users/ROHITM~1/DOCUME~1/MATLAB/R2022b/ARDUIN~1/ARDUIN~2/FASTER~1\libcore.a(USBCore.o)
                0x000095b8                USBDeviceClass::armRecvCtrlOUT(unsigned long)
 .text._ZN14USBDeviceClass11recvControlEPvm
                0x00009618       0x28 C:/Users/ROHITM~1/DOCUME~1/MATLAB/R2022b/ARDUIN~1/ARDUIN~2/FASTER~1\libcore.a(USBCore.o)
                0x00009618                USBDeviceClass::recvControl(void*, unsigned long)
 .text._ZN14USBDeviceClass4sendEmPKvm
                0x00009640      0x11c C:/Users/ROHITM~1/DOCUME~1/MATLAB/R2022b/ARDUIN~1/ARDUIN~2/FASTER~1\libcore.a(USBCore.o)
                0x00009640                USBDeviceClass::send(unsigned long, void const*, unsigned long)
 .text._ZN14USBDeviceClass7armSendEmPKvm
                0x0000975c       0x48 C:/Users/ROHITM~1/DOCUME~1/MATLAB/R2022b/ARDUIN~1/ARDUIN~2/FASTER~1\libcore.a(USBCore.o)
                0x0000975c                USBDeviceClass::armSend(unsigned long, void const*, unsigned long)
 .text._ZN14USBDeviceClass11sendControlEPKvm
                0x000097a4       0x58 C:/Users/ROHITM~1/DOCUME~1/MATLAB/R2022b/ARDUIN~1/ARDUIN~2/FASTER~1\libcore.a(USBCore.o)
                0x000097a4                USBDeviceClass::sendControl(void const*, unsigned long)
 .text._ZN14USBDeviceClass20sendStringDescriptorEPKhm
                0x000097fc       0x68 C:/Users/ROHITM~1/DOCUME~1/MATLAB/R2022b/ARDUIN~1/ARDUIN~2/FASTER~1\libcore.a(USBCore.o)
                0x000097fc                USBDeviceClass::sendStringDescriptor(unsigned char const*, unsigned long)
 .text._ZN14USBDeviceClass12packMessagesEb.part.6
                0x00009864       0x20 C:/Users/ROHITM~1/DOCUME~1/MATLAB/R2022b/ARDUIN~1/ARDUIN~2/FASTER~1\libcore.a(USBCore.o)
 .text._ZN14USBDeviceClass17sendConfigurationEm
                0x00009884       0x90 C:/Users/ROHITM~1/DOCUME~1/MATLAB/R2022b/ARDUIN~1/ARDUIN~2/FASTER~1\libcore.a(USBCore.o)
                0x00009884                USBDeviceClass::sendConfiguration(unsigned long)
 .text._ZN14USBDeviceClass14sendDescriptorER8USBSetup
                0x00009914       0xec C:/Users/ROHITM~1/DOCUME~1/MATLAB/R2022b/ARDUIN~1/ARDUIN~2/FASTER~1\libcore.a(USBCore.o)
                0x00009914                USBDeviceClass::sendDescriptor(USBSetup&)
 .text._ZN14USBDeviceClass7sendZlpEm
                0x00009a00       0x18 C:/Users/ROHITM~1/DOCUME~1/MATLAB/R2022b/ARDUIN~1/ARDUIN~2/FASTER~1\libcore.a(USBCore.o)
                0x00009a00                USBDeviceClass::sendZlp(unsigned long)
 .text._ZN14USBDeviceClass19handleStandardSetupER8USBSetup
                0x00009a18       0xfc C:/Users/ROHITM~1/DOCUME~1/MATLAB/R2022b/ARDUIN~1/ARDUIN~2/FASTER~1\libcore.a(USBCore.o)
                0x00009a18                USBDeviceClass::handleStandardSetup(USBSetup&)
 .text._ZN14USBDeviceClass10ISRHandlerEv
                0x00009b14      0x10c C:/Users/ROHITM~1/DOCUME~1/MATLAB/R2022b/ARDUIN~1/ARDUIN~2/FASTER~1\libcore.a(USBCore.o)
                0x00009b14                USBDeviceClass::ISRHandler()
 .text.UDD_Handler
                0x00009c20       0x10 C:/Users/ROHITM~1/DOCUME~1/MATLAB/R2022b/ARDUIN~1/ARDUIN~2/FASTER~1\libcore.a(USBCore.o)
                0x00009c20                UDD_Handler
 .text.startup._GLOBAL__sub_I_usbd
                0x00009c30       0x10 C:/Users/ROHITM~1/DOCUME~1/MATLAB/R2022b/ARDUIN~1/ARDUIN~2/FASTER~1\libcore.a(USBCore.o)
 .text._Znwj    0x00009c40        0x8 C:/Users/ROHITM~1/DOCUME~1/MATLAB/R2022b/ARDUIN~1/ARDUIN~2/FASTER~1\libcore.a(new.o)
                0x00009c40                operator new(unsigned int)
 .text._ZdlPv   0x00009c48        0x8 C:/Users/ROHITM~1/DOCUME~1/MATLAB/R2022b/ARDUIN~1/ARDUIN~2/FASTER~1\libcore.a(new.o)
                0x00009c48                operator delete(void*)
 .text          0x00009c50       0x14 c:/programdata/matlab/supportpackages/r2022b/aide/tools/arm-none-eabi-gcc/4.8.3-2014q1/bin/../lib/gcc/arm-none-eabi/4.8.3/armv6-m\libgcc.a(_thumb1_case_uqi.o)
                0x00009c50                __gnu_thumb1_case_uqi
 .text          0x00009c64       0x9c c:/programdata/matlab/supportpackages/r2022b/aide/tools/arm-none-eabi-gcc/4.8.3-2014q1/bin/../lib/gcc/arm-none-eabi/4.8.3/armv6-m\libgcc.a(_udivsi3.o)
                0x00009c64                __aeabi_uidiv
                0x00009c64                __udivsi3
                0x00009cec                __aeabi_uidivmod
 .text          0x00009d00        0x4 c:/programdata/matlab/supportpackages/r2022b/aide/tools/arm-none-eabi-gcc/4.8.3-2014q1/bin/../lib/gcc/arm-none-eabi/4.8.3/armv6-m\libgcc.a(_dvmd_tls.o)
                0x00009d00                __aeabi_idiv0
                0x00009d00                __aeabi_ldiv0
 .text          0x00009d04       0x7c c:/programdata/matlab/supportpackages/r2022b/aide/tools/arm-none-eabi-gcc/4.8.3-2014q1/bin/../lib/gcc/arm-none-eabi/4.8.3/armv6-m\libgcc.a(_arm_cmpdf2.o)
                0x00009d04                __aeabi_cdrcmple
                0x00009d14                __aeabi_cdcmple
                0x00009d14                __aeabi_cdcmpeq
                0x00009d24                __aeabi_dcmpeq
                0x00009d30                __aeabi_dcmplt
                0x00009d44                __aeabi_dcmple
                0x00009d58                __aeabi_dcmpgt
                0x00009d6c                __aeabi_dcmpge
 .text          0x00009d80       0x40 c:/programdata/matlab/supportpackages/r2022b/aide/tools/arm-none-eabi-gcc/4.8.3-2014q1/bin/../lib/gcc/arm-none-eabi/4.8.3/armv6-m\libgcc.a(_fixunsdfsi.o)
                0x00009d80                __aeabi_d2uiz
                0x00009d80                __fixunsdfsi
 .text          0x00009dc0      0x638 c:/programdata/matlab/supportpackages/r2022b/aide/tools/arm-none-eabi-gcc/4.8.3-2014q1/bin/../lib/gcc/arm-none-eabi/4.8.3/armv6-m\libgcc.a(adddf3.o)
                0x00009dc0                __aeabi_dadd
 .text          0x0000a3f8      0x648 c:/programdata/matlab/supportpackages/r2022b/aide/tools/arm-none-eabi-gcc/4.8.3-2014q1/bin/../lib/gcc/arm-none-eabi/4.8.3/armv6-m\libgcc.a(divdf3.o)
                0x0000a3f8                __aeabi_ddiv
 .text          0x0000aa40       0x94 c:/programdata/matlab/supportpackages/r2022b/aide/tools/arm-none-eabi-gcc/4.8.3-2014q1/bin/../lib/gcc/arm-none-eabi/4.8.3/armv6-m\libgcc.a(eqdf2.o)
                0x0000aa40                __nedf2
                0x0000aa40                __eqdf2
 .text          0x0000aad4       0xfc c:/programdata/matlab/supportpackages/r2022b/aide/tools/arm-none-eabi-gcc/4.8.3-2014q1/bin/../lib/gcc/arm-none-eabi/4.8.3/armv6-m\libgcc.a(gedf2.o)
                0x0000aad4                __gedf2
                0x0000aad4                __gtdf2
 .text          0x0000abd0       0xfc c:/programdata/matlab/supportpackages/r2022b/aide/tools/arm-none-eabi-gcc/4.8.3-2014q1/bin/../lib/gcc/arm-none-eabi/4.8.3/armv6-m\libgcc.a(ledf2.o)
                0x0000abd0                __ledf2
                0x0000abd0                __ltdf2
 .text          0x0000accc      0x520 c:/programdata/matlab/supportpackages/r2022b/aide/tools/arm-none-eabi-gcc/4.8.3-2014q1/bin/../lib/gcc/arm-none-eabi/4.8.3/armv6-m\libgcc.a(muldf3.o)
                0x0000accc                __aeabi_dmul
 .text          0x0000b1ec      0x654 c:/programdata/matlab/supportpackages/r2022b/aide/tools/arm-none-eabi-gcc/4.8.3-2014q1/bin/../lib/gcc/arm-none-eabi/4.8.3/armv6-m\libgcc.a(subdf3.o)
                0x0000b1ec                __aeabi_dsub
 .text          0x0000b840       0x68 c:/programdata/matlab/supportpackages/r2022b/aide/tools/arm-none-eabi-gcc/4.8.3-2014q1/bin/../lib/gcc/arm-none-eabi/4.8.3/armv6-m\libgcc.a(fixdfsi.o)
                0x0000b840                __aeabi_d2iz
 .text          0x0000b8a8       0x7c c:/programdata/matlab/supportpackages/r2022b/aide/tools/arm-none-eabi-gcc/4.8.3-2014q1/bin/../lib/gcc/arm-none-eabi/4.8.3/armv6-m\libgcc.a(floatsidf.o)
                0x0000b8a8                __aeabi_i2d
 .text          0x0000b924       0x68 c:/programdata/matlab/supportpackages/r2022b/aide/tools/arm-none-eabi-gcc/4.8.3-2014q1/bin/../lib/gcc/arm-none-eabi/4.8.3/armv6-m\libgcc.a(floatunsidf.o)
                0x0000b924                __aeabi_ui2d
 .text          0x0000b98c       0x3c c:/programdata/matlab/supportpackages/r2022b/aide/tools/arm-none-eabi-gcc/4.8.3-2014q1/bin/../lib/gcc/arm-none-eabi/4.8.3/armv6-m\libgcc.a(_clzsi2.o)
                0x0000b98c                __clzsi2
 .text.__errno  0x0000b9c8        0xc c:/programdata/matlab/supportpackages/r2022b/aide/tools/arm-none-eabi-gcc/4.8.3-2014q1/bin/../lib/gcc/arm-none-eabi/4.8.3/../../../../arm-none-eabi/lib/armv6-m\libg_s.a(lib_a-errno.o)
                0x0000b9c8                __errno
 .text.__libc_init_array
                0x0000b9d4       0x4c c:/programdata/matlab/supportpackages/r2022b/aide/tools/arm-none-eabi-gcc/4.8.3-2014q1/bin/../lib/gcc/arm-none-eabi/4.8.3/../../../../arm-none-eabi/lib/armv6-m\libg_s.a(lib_a-init.o)
                0x0000b9d4                __libc_init_array
 .text.malloc   0x0000ba20       0x14 c:/programdata/matlab/supportpackages/r2022b/aide/tools/arm-none-eabi-gcc/4.8.3-2014q1/bin/../lib/gcc/arm-none-eabi/4.8.3/../../../../arm-none-eabi/lib/armv6-m\libg_s.a(lib_a-malloc.o)
                0x0000ba20                malloc
 .text.free     0x0000ba34       0x14 c:/programdata/matlab/supportpackages/r2022b/aide/tools/arm-none-eabi-gcc/4.8.3-2014q1/bin/../lib/gcc/arm-none-eabi/4.8.3/../../../../arm-none-eabi/lib/armv6-m\libg_s.a(lib_a-malloc.o)
                0x0000ba34                free
 .text.memcpy   0x0000ba48       0x12 c:/programdata/matlab/supportpackages/r2022b/aide/tools/arm-none-eabi-gcc/4.8.3-2014q1/bin/../lib/gcc/arm-none-eabi/4.8.3/../../../../arm-none-eabi/lib/armv6-m\libg_s.a(lib_a-memcpy-stub.o)
                0x0000ba48                memcpy
 .text.memset   0x0000ba5a       0x10 c:/programdata/matlab/supportpackages/r2022b/aide/tools/arm-none-eabi-gcc/4.8.3-2014q1/bin/../lib/gcc/arm-none-eabi/4.8.3/../../../../arm-none-eabi/lib/armv6-m\libg_s.a(lib_a-memset.o)
                0x0000ba5a                memset
 *fill*         0x0000ba6a        0x2 
 .text._free_r  0x0000ba6c       0x90 c:/programdata/matlab/supportpackages/r2022b/aide/tools/arm-none-eabi-gcc/4.8.3-2014q1/bin/../lib/gcc/arm-none-eabi/4.8.3/../../../../arm-none-eabi/lib/armv6-m\libg_s.a(lib_a-nano-freer.o)
                0x0000ba6c                _free_r
 .text._malloc_r
                0x0000bafc       0xa8 c:/programdata/matlab/supportpackages/r2022b/aide/tools/arm-none-eabi-gcc/4.8.3-2014q1/bin/../lib/gcc/arm-none-eabi/4.8.3/../../../../arm-none-eabi/lib/armv6-m\libg_s.a(lib_a-nano-mallocr.o)
                0x0000bafc                _malloc_r
 .text._sbrk_r  0x0000bba4       0x24 c:/programdata/matlab/supportpackages/r2022b/aide/tools/arm-none-eabi-gcc/4.8.3-2014q1/bin/../lib/gcc/arm-none-eabi/4.8.3/../../../../arm-none-eabi/lib/armv6-m\libg_s.a(lib_a-sbrkr.o)
                0x0000bba4                _sbrk_r
 .text.strlen   0x0000bbc8        0xe c:/programdata/matlab/supportpackages/r2022b/aide/tools/arm-none-eabi-gcc/4.8.3-2014q1/bin/../lib/gcc/arm-none-eabi/4.8.3/../../../../arm-none-eabi/lib/armv6-m\libg_s.a(lib_a-strlen.o)
                0x0000bbc8                strlen
 *fill*         0x0000bbd6        0x2 
 .text._sbrk    0x0000bbd8       0x34 c:/programdata/matlab/supportpackages/r2022b/aide/tools/arm-none-eabi-gcc/4.8.3-2014q1/bin/../lib/gcc/arm-none-eabi/4.8.3/../../../../arm-none-eabi/lib/armv6-m\libnosys.a(sbrk.o)
                0x0000bbd8                _sbrk
 *(.init)
 .init          0x0000bc0c        0x4 c:/programdata/matlab/supportpackages/r2022b/aide/tools/arm-none-eabi-gcc/4.8.3-2014q1/bin/../lib/gcc/arm-none-eabi/4.8.3/armv6-m/crti.o
                0x0000bc0c                _init
 .init          0x0000bc10        0x8 c:/programdata/matlab/supportpackages/r2022b/aide/tools/arm-none-eabi-gcc/4.8.3-2014q1/bin/../lib/gcc/arm-none-eabi/4.8.3/armv6-m/crtn.o
 *(.fini)
 .fini          0x0000bc18        0x4 c:/programdata/matlab/supportpackages/r2022b/aide/tools/arm-none-eabi-gcc/4.8.3-2014q1/bin/../lib/gcc/arm-none-eabi/4.8.3/armv6-m/crti.o
                0x0000bc18                _fini
 .fini          0x0000bc1c        0x8 c:/programdata/matlab/supportpackages/r2022b/aide/tools/arm-none-eabi-gcc/4.8.3-2014q1/bin/../lib/gcc/arm-none-eabi/4.8.3/armv6-m/crtn.o
 *crtbegin.o(.ctors)
 *crtbegin?.o(.ctors)
 *(EXCLUDE_FILE(*crtend.o *crtend?.o) .ctors)
 *(SORT(.ctors.*))
 *(.ctors)
 *crtbegin.o(.dtors)
 *crtbegin?.o(.dtors)
 *(EXCLUDE_FILE(*crtend.o *crtend?.o) .dtors)
 *(SORT(.dtors.*))
 *(.dtors)
 *(.rodata*)
 .rodata        0x0000bc24       0x10 MW_PWMDriver.o
 .rodata.rtAlwaysEnabled.12958
                0x0000bc34        0x1 hardwareModel_Balance_1.o
 *fill*         0x0000bc35        0x3 
 .rodata.hardwareModel_Balance_1_M
                0x0000bc38        0x4 hardwareModel_Balance_1.o
                0x0000bc38                hardwareModel_Balance_1_M
 .rodata.standardSupportedRxPacket
                0x0000bc3c       0x54 xcp_standard.o
 .rodata.daqSupportedRxPacket
                0x0000bc90       0x90 xcp_daq.o
 .rodata.calibrationSupportedRxPacket
                0x0000bd20       0x18 xcp_calibration.o
 .rodata.str1.4
                0x0000bd38        0x8 c:/programdata/matlab/supportpackages/r2022b/aide/tools/arm-none-eabi-gcc/4.8.3-2014q1/bin/../lib/gcc/arm-none-eabi/4.8.3/../../../../arm-none-eabi/lib/armv6-m\libm.a(lib_a-w_fmod.o)
 .rodata.Zero   0x0000bd40       0x10 c:/programdata/matlab/supportpackages/r2022b/aide/tools/arm-none-eabi-gcc/4.8.3-2014q1/bin/../lib/gcc/arm-none-eabi/4.8.3/../../../../arm-none-eabi/lib/armv6-m\libm.a(lib_a-e_fmod.o)
 .rodata._ZTV7TwoWire
                0x0000bd50       0x28 C:/Users/ROHITM~1/DOCUME~1/MATLAB/R2022b/ARDUIN~1/ARDUIN~2/FASTER~1\libcomm.a(Wire.o)
                0x0000bd50                vtable for TwoWire
 .rodata.g_APinDescription
                0x0000bd78      0x318 C:/Users/ROHITM~1/DOCUME~1/MATLAB/R2022b/ARDUIN~1/ARDUIN~2/FASTER~1\libcomm.a(variant.o)
                0x0000bd78                g_APinDescription
 .rodata        0x0000c090       0x10 C:/Users/ROHITM~1/DOCUME~1/MATLAB/R2022b/ARDUIN~1/ARDUIN~2/FASTER~1\libcore.a(wiring_analog.o)
 .rodata._ZTV4Uart
                0x0000c0a0       0x38 C:/Users/ROHITM~1/DOCUME~1/MATLAB/R2022b/ARDUIN~1/ARDUIN~2/FASTER~1\libcore.a(Uart.o)
                0x0000c0a0                vtable for Uart
 .rodata._ZTV7Serial_
                0x0000c0d8       0x58 C:/Users/ROHITM~1/DOCUME~1/MATLAB/R2022b/ARDUIN~1/ARDUIN~2/FASTER~1\libcore.a(CDC.o)
                0x0000c0d8                vtable for Serial_
 .rodata._ZTV26DoubleBufferedEPOutHandler
                0x0000c130       0x28 C:/Users/ROHITM~1/DOCUME~1/MATLAB/R2022b/ARDUIN~1/ARDUIN~2/FASTER~1\libcore.a(USBCore.o)
                0x0000c130                vtable for DoubleBufferedEPOutHandler
 .rodata._ZL15STRING_LANGUAGE
                0x0000c158        0x4 C:/Users/ROHITM~1/DOCUME~1/MATLAB/R2022b/ARDUIN~1/ARDUIN~2/FASTER~1\libcore.a(USBCore.o)
 .rodata._ZL21USB_DeviceDescriptorB
                0x0000c15c       0x12 C:/Users/ROHITM~1/DOCUME~1/MATLAB/R2022b/ARDUIN~1/ARDUIN~2/FASTER~1\libcore.a(USBCore.o)
 .rodata._ZL19STRING_MANUFACTURER
                0x0000c16e        0xc C:/Users/ROHITM~1/DOCUME~1/MATLAB/R2022b/ARDUIN~1/ARDUIN~2/FASTER~1\libcore.a(USBCore.o)
 .rodata._ZL14STRING_PRODUCT
                0x0000c17a       0x14 C:/Users/ROHITM~1/DOCUME~1/MATLAB/R2022b/ARDUIN~1/ARDUIN~2/FASTER~1\libcore.a(USBCore.o)
 *fill*         0x0000c18e        0x2 
 .rodata        0x0000c190       0x40 c:/programdata/matlab/supportpackages/r2022b/aide/tools/arm-none-eabi-gcc/4.8.3-2014q1/bin/../lib/gcc/arm-none-eabi/4.8.3/armv6-m\libgcc.a(divdf3.o)
 .rodata        0x0000c1d0       0x40 c:/programdata/matlab/supportpackages/r2022b/aide/tools/arm-none-eabi-gcc/4.8.3-2014q1/bin/../lib/gcc/arm-none-eabi/4.8.3/armv6-m\libgcc.a(muldf3.o)
 .rodata.str1.1
                0x0000c210        0x2 c:/programdata/matlab/supportpackages/r2022b/aide/tools/arm-none-eabi-gcc/4.8.3-2014q1/bin/../lib/gcc/arm-none-eabi/4.8.3/../../../../arm-none-eabi/lib/armv6-m\libg_s.a(lib_a-impure.o)
 *(.eh_frame*)
 *fill*         0x0000c212        0x2 
 .eh_frame      0x0000c214        0x0 c:/programdata/matlab/supportpackages/r2022b/aide/tools/arm-none-eabi-gcc/4.8.3-2014q1/bin/../lib/gcc/arm-none-eabi/4.8.3/armv6-m/crtbegin.o
 .eh_frame      0x0000c214        0x4 c:/programdata/matlab/supportpackages/r2022b/aide/tools/arm-none-eabi-gcc/4.8.3-2014q1/bin/../lib/gcc/arm-none-eabi/4.8.3/armv6-m/crtend.o

.glue_7         0x0000c218        0x0
 .glue_7        0x00000000        0x0 linker stubs

.glue_7t        0x0000c218        0x0
 .glue_7t       0x00000000        0x0 linker stubs

.vfp11_veneer   0x0000c218        0x0
 .vfp11_veneer  0x00000000        0x0 linker stubs

.v4_bx          0x0000c218        0x0
 .v4_bx         0x00000000        0x0 linker stubs

.iplt           0x0000c218        0x0
 .iplt          0x00000000        0x0 c:/programdata/matlab/supportpackages/r2022b/aide/tools/arm-none-eabi-gcc/4.8.3-2014q1/bin/../lib/gcc/arm-none-eabi/4.8.3/armv6-m/crtbegin.o

.rel.dyn        0x0000c218        0x0
 .rel.iplt      0x00000000        0x0 c:/programdata/matlab/supportpackages/r2022b/aide/tools/arm-none-eabi-gcc/4.8.3-2014q1/bin/../lib/gcc/arm-none-eabi/4.8.3/armv6-m/crtbegin.o

.ARM.extab
 *(.ARM.extab* .gnu.linkonce.armextab.*)
                0x0000c218                __exidx_start = .

.ARM.exidx
 *(.ARM.exidx* .gnu.linkonce.armexidx.*)
                0x0000c218                __exidx_end = .
                0x0000c218                __etext = .

.data           0x20000000      0x220 load address 0x0000c218
                0x20000000                __data_start__ = .
 *(vtable)
 *(.data*)
 .data._ZL10mw_I2C_dev
                0x20000000        0x8 MW_arduinoI2C.o
 .data.hardwareModel_Balance_1_P
                0x20000008      0x118 hardwareModel_Balance_1_data.o
                0x20000008                hardwareModel_Balance_1_P
 .data.xcpExtmodeFinalSimulationTime
                0x20000120        0x8 xcp_ext_common.o
                0x20000120                xcpExtmodeFinalSimulationTime
 .data.xcpClassicTriggerDuration
                0x20000128        0x4 xcp_ext_classic_trigger.o
                0x20000128                xcpClassicTriggerDuration
 .data.xcpClassicTriggerArmRequest
                0x2000012c        0x1 xcp_ext_classic_trigger.o
                0x2000012c                xcpClassicTriggerArmRequest
 *fill*         0x2000012d        0x3 
 .data.startStopDaqListId
                0x20000130        0x4 xcp_daq.o
 .data.xcpEventCustomMemoryManager
                0x20000134        0xc xcp_daq.o
 .data.xcpCurrentDaq
                0x20000140        0x4 xcp_daq.o
 .data.xcpCtoReservedMemPoolId
                0x20000144        0x4 xcp_transport.o
 .data.xcpMemMainBlockSizes
                0x20000148        0xc xcp_mem_default.o
 .data.xcpMemMainBlocksNumber
                0x20000154        0xc xcp_mem_default.o
 .data.drvID    0x20000160        0x4 xcp_drv_rtiostream.o
 .data.xcpCtoReservedMemPoolId
                0x20000164        0x4 xcp_frame_serial.o
 .data.__fdlib_version
                0x20000168        0x1 c:/programdata/matlab/supportpackages/r2022b/aide/tools/arm-none-eabi-gcc/4.8.3-2014q1/bin/../lib/gcc/arm-none-eabi/4.8.3/../../../../arm-none-eabi/lib/armv6-m\libm.a(lib_a-s_lib_ver.o)
                0x20000168                __fdlib_version
 *fill*         0x20000169        0x3 
 .data.g_apTCInstances
                0x2000016c       0x18 C:/Users/ROHITM~1/DOCUME~1/MATLAB/R2022b/ARDUIN~1/ARDUIN~2/FASTER~1\libcomm.a(variant.o)
                0x2000016c                g_apTCInstances
 .data.SystemCoreClock
                0x20000184        0x4 C:/Users/ROHITM~1/DOCUME~1/MATLAB/R2022b/ARDUIN~1/ARDUIN~2/FASTER~1\libcore.a(wiring.o)
                0x20000184                SystemCoreClock
 .data._writeResolution
                0x20000188        0x4 C:/Users/ROHITM~1/DOCUME~1/MATLAB/R2022b/ARDUIN~1/ARDUIN~2/FASTER~1\libcore.a(wiring_analog.o)
 .data._ZL5ticks
                0x2000018c        0x4 C:/Users/ROHITM~1/DOCUME~1/MATLAB/R2022b/ARDUIN~1/ARDUIN~2/FASTER~1\libcore.a(Reset.o)
 .data._serialPeek
                0x20000190        0x4 C:/Users/ROHITM~1/DOCUME~1/MATLAB/R2022b/ARDUIN~1/ARDUIN~2/FASTER~1\libcore.a(CDC.o)
                0x20000190                _serialPeek
 .data._ZL10breakValue
                0x20000194        0x4 C:/Users/ROHITM~1/DOCUME~1/MATLAB/R2022b/ARDUIN~1/ARDUIN~2/FASTER~1\libcore.a(CDC.o)
 .data._ZL12_usbLineInfo
                0x20000198        0x8 C:/Users/ROHITM~1/DOCUME~1/MATLAB/R2022b/ARDUIN~1/ARDUIN~2/FASTER~1\libcore.a(CDC.o)
 .data.impure_data
                0x200001a0       0x60 c:/programdata/matlab/supportpackages/r2022b/aide/tools/arm-none-eabi-gcc/4.8.3-2014q1/bin/../lib/gcc/arm-none-eabi/4.8.3/../../../../arm-none-eabi/lib/armv6-m\libg_s.a(lib_a-impure.o)
 .data._impure_ptr
                0x20000200        0x4 c:/programdata/matlab/supportpackages/r2022b/aide/tools/arm-none-eabi-gcc/4.8.3-2014q1/bin/../lib/gcc/arm-none-eabi/4.8.3/../../../../arm-none-eabi/lib/armv6-m\libg_s.a(lib_a-impure.o)
                0x20000200                _impure_ptr
                0x20000204                . = ALIGN (0x4)
                0x20000204                PROVIDE (__preinit_array_start, .)
 *(.preinit_array)
                0x20000204                PROVIDE (__preinit_array_end, .)
                0x20000204                . = ALIGN (0x4)
                0x20000204                PROVIDE (__init_array_start, .)
 *(SORT(.init_array.*))
 *(.init_array)
 .init_array    0x20000204        0x4 c:/programdata/matlab/supportpackages/r2022b/aide/tools/arm-none-eabi-gcc/4.8.3-2014q1/bin/../lib/gcc/arm-none-eabi/4.8.3/armv6-m/crtbegin.o
 .init_array    0x20000208        0x4 C:/Users/ROHITM~1/DOCUME~1/MATLAB/R2022b/ARDUIN~1/ARDUIN~2/FASTER~1\libcomm.a(Wire.o)
 .init_array    0x2000020c        0x4 C:/Users/ROHITM~1/DOCUME~1/MATLAB/R2022b/ARDUIN~1/ARDUIN~2/FASTER~1\libcomm.a(variant.o)
 .init_array    0x20000210        0x4 C:/Users/ROHITM~1/DOCUME~1/MATLAB/R2022b/ARDUIN~1/ARDUIN~2/FASTER~1\libcore.a(CDC.o)
 .init_array    0x20000214        0x4 C:/Users/ROHITM~1/DOCUME~1/MATLAB/R2022b/ARDUIN~1/ARDUIN~2/FASTER~1\libcore.a(USBCore.o)
                0x20000218                PROVIDE (__init_array_end, .)
                0x20000218                . = ALIGN (0x4)
                0x20000218                PROVIDE (__fini_array_start, .)
 *(SORT(.fini_array.*))
 *(.fini_array)
 .fini_array    0x20000218        0x4 c:/programdata/matlab/supportpackages/r2022b/aide/tools/arm-none-eabi-gcc/4.8.3-2014q1/bin/../lib/gcc/arm-none-eabi/4.8.3/armv6-m/crtbegin.o
                0x2000021c                PROVIDE (__fini_array_end, .)
 *(.jcr*)
 .jcr           0x2000021c        0x0 c:/programdata/matlab/supportpackages/r2022b/aide/tools/arm-none-eabi-gcc/4.8.3-2014q1/bin/../lib/gcc/arm-none-eabi/4.8.3/armv6-m/crtbegin.o
 .jcr           0x2000021c        0x4 c:/programdata/matlab/supportpackages/r2022b/aide/tools/arm-none-eabi-gcc/4.8.3-2014q1/bin/../lib/gcc/arm-none-eabi/4.8.3/armv6-m/crtend.o
                0x20000220                . = ALIGN (0x4)
                0x20000220                __data_end__ = .

.igot.plt       0x20000220        0x0 load address 0x0000c438
 .igot.plt      0x00000000        0x0 c:/programdata/matlab/supportpackages/r2022b/aide/tools/arm-none-eabi-gcc/4.8.3-2014q1/bin/../lib/gcc/arm-none-eabi/4.8.3/armv6-m/crtbegin.o

.bss            0x20000220     0x17cc load address 0x0000c438
                0x20000220                . = ALIGN (0x4)
                0x20000220                __bss_start__ = .
 *(.bss*)
 .bss           0x20000220       0x1c c:/programdata/matlab/supportpackages/r2022b/aide/tools/arm-none-eabi-gcc/4.8.3-2014q1/bin/../lib/gcc/arm-none-eabi/4.8.3/armv6-m/crtbegin.o
 .bss._ZZ12Serial_beginE10serialInit
                0x2000023c        0x4 io_wrappers.o
 .bss.tcEnabled.12391